Archive member included to satisfy reference by file (symbol)

d:/program files (x86)/atollic/truestudio for stm32 9.3.0/armtools/bin/../lib/gcc/arm-atollic-eabi/6.3.1/../../../../arm-atollic-eabi/lib/armv6-m\libc_nano.a(lib_a-errno.o)
                              Core\Src\syscalls.o (__errno)
d:/program files (x86)/atollic/truestudio for stm32 9.3.0/armtools/bin/../lib/gcc/arm-atollic-eabi/6.3.1/../../../../arm-atollic-eabi/lib/armv6-m\libc_nano.a(lib_a-impure.o)
                              d:/program files (x86)/atollic/truestudio for stm32 9.3.0/armtools/bin/../lib/gcc/arm-atollic-eabi/6.3.1/../../../../arm-atollic-eabi/lib/armv6-m\libc_nano.a(lib_a-errno.o) (_impure_ptr)
d:/program files (x86)/atollic/truestudio for stm32 9.3.0/armtools/bin/../lib/gcc/arm-atollic-eabi/6.3.1/../../../../arm-atollic-eabi/lib/armv6-m\libc_nano.a(lib_a-init.o)
                              startup\startup_stm32f030x6.o (__libc_init_array)
d:/program files (x86)/atollic/truestudio for stm32 9.3.0/armtools/bin/../lib/gcc/arm-atollic-eabi/6.3.1/../../../../arm-atollic-eabi/lib/armv6-m\libc_nano.a(lib_a-memcpy-stub.o)
                              Core\Src\e18_ms1_ipx.o (memcpy)
d:/program files (x86)/atollic/truestudio for stm32 9.3.0/armtools/bin/../lib/gcc/arm-atollic-eabi/6.3.1/../../../../arm-atollic-eabi/lib/armv6-m\libc_nano.a(lib_a-memset.o)
                              Core\Src\flash.o (memset)
d:/program files (x86)/atollic/truestudio for stm32 9.3.0/armtools/bin/../lib/gcc/arm-atollic-eabi/6.3.1/../../../../arm-atollic-eabi/lib/armv6-m\libc_nano.a(lib_a-printf.o)
                              Core\Src\rtc.o (printf)
d:/program files (x86)/atollic/truestudio for stm32 9.3.0/armtools/bin/../lib/gcc/arm-atollic-eabi/6.3.1/../../../../arm-atollic-eabi/lib/armv6-m\libc_nano.a(lib_a-strlen.o)
                              Core\Src\usart.o (strlen)
d:/program files (x86)/atollic/truestudio for stm32 9.3.0/armtools/bin/../lib/gcc/arm-atollic-eabi/6.3.1/../../../../arm-atollic-eabi/lib/armv6-m\libc_nano.a(lib_a-findfp.o)
                              d:/program files (x86)/atollic/truestudio for stm32 9.3.0/armtools/bin/../lib/gcc/arm-atollic-eabi/6.3.1/../../../../arm-atollic-eabi/lib/armv6-m\libc_nano.a(lib_a-printf.o) (__sinit)
d:/program files (x86)/atollic/truestudio for stm32 9.3.0/armtools/bin/../lib/gcc/arm-atollic-eabi/6.3.1/../../../../arm-atollic-eabi/lib/armv6-m\libc_nano.a(lib_a-fwalk.o)
                              d:/program files (x86)/atollic/truestudio for stm32 9.3.0/armtools/bin/../lib/gcc/arm-atollic-eabi/6.3.1/../../../../arm-atollic-eabi/lib/armv6-m\libc_nano.a(lib_a-findfp.o) (_fwalk)
d:/program files (x86)/atollic/truestudio for stm32 9.3.0/armtools/bin/../lib/gcc/arm-atollic-eabi/6.3.1/../../../../arm-atollic-eabi/lib/armv6-m\libc_nano.a(lib_a-nano-mallocr.o)
                              d:/program files (x86)/atollic/truestudio for stm32 9.3.0/armtools/bin/../lib/gcc/arm-atollic-eabi/6.3.1/../../../../arm-atollic-eabi/lib/armv6-m\libc_nano.a(lib_a-findfp.o) (_malloc_r)
d:/program files (x86)/atollic/truestudio for stm32 9.3.0/armtools/bin/../lib/gcc/arm-atollic-eabi/6.3.1/../../../../arm-atollic-eabi/lib/armv6-m\libc_nano.a(lib_a-nano-vfprintf.o)
                              d:/program files (x86)/atollic/truestudio for stm32 9.3.0/armtools/bin/../lib/gcc/arm-atollic-eabi/6.3.1/../../../../arm-atollic-eabi/lib/armv6-m\libc_nano.a(lib_a-printf.o) (_vfprintf_r)
d:/program files (x86)/atollic/truestudio for stm32 9.3.0/armtools/bin/../lib/gcc/arm-atollic-eabi/6.3.1/../../../../arm-atollic-eabi/lib/armv6-m\libc_nano.a(lib_a-nano-vfprintf_i.o)
                              d:/program files (x86)/atollic/truestudio for stm32 9.3.0/armtools/bin/../lib/gcc/arm-atollic-eabi/6.3.1/../../../../arm-atollic-eabi/lib/armv6-m\libc_nano.a(lib_a-nano-vfprintf.o) (_printf_i)
d:/program files (x86)/atollic/truestudio for stm32 9.3.0/armtools/bin/../lib/gcc/arm-atollic-eabi/6.3.1/../../../../arm-atollic-eabi/lib/armv6-m\libc_nano.a(lib_a-sbrkr.o)
                              d:/program files (x86)/atollic/truestudio for stm32 9.3.0/armtools/bin/../lib/gcc/arm-atollic-eabi/6.3.1/../../../../arm-atollic-eabi/lib/armv6-m\libc_nano.a(lib_a-nano-mallocr.o) (_sbrk_r)
d:/program files (x86)/atollic/truestudio for stm32 9.3.0/armtools/bin/../lib/gcc/arm-atollic-eabi/6.3.1/../../../../arm-atollic-eabi/lib/armv6-m\libc_nano.a(lib_a-stdio.o)
                              d:/program files (x86)/atollic/truestudio for stm32 9.3.0/armtools/bin/../lib/gcc/arm-atollic-eabi/6.3.1/../../../../arm-atollic-eabi/lib/armv6-m\libc_nano.a(lib_a-findfp.o) (__sread)
d:/program files (x86)/atollic/truestudio for stm32 9.3.0/armtools/bin/../lib/gcc/arm-atollic-eabi/6.3.1/../../../../arm-atollic-eabi/lib/armv6-m\libc_nano.a(lib_a-wbuf.o)
[...]
Memory Configuration

Name             Origin             Length             Attributes
RAM              0x20000000         0x00001000         xrw
FLASH            0x08000000         0x00004000         xr
*default*        0x00000000         0xffffffff

Linker script and memory map

LOAD d:/program files (x86)/atollic/truestudio for stm32 9.3.0/armtools/bin/../lib/gcc/arm-atollic-eabi/6.3.1/armv6-m/crti.o
LOAD d:/program files (x86)/atollic/truestudio for stm32 9.3.0/armtools/bin/../lib/gcc/arm-atollic-eabi/6.3.1/armv6-m/crtbegin.o
LOAD Core\Src\beep.o
LOAD Core\Src\delay.o
LOAD Core\Src\e18_ms1_ipx.o
LOAD Core\Src\flash.o
LOAD Core\Src\gpio.o
LOAD Core\Src\iwdg.o
LOAD Core\Src\key.o
LOAD Core\Src\key_user.o
LOAD Core\Src\led.o
LOAD Core\Src\list.o
LOAD Core\Src\lock.o
LOAD Core\Src\main.o
LOAD Core\Src\power.o
LOAD Core\Src\rtc.o
LOAD Core\Src\softtimer.o
LOAD Core\Src\squeue.o
LOAD Core\Src\stm32f0xx_hal_msp.o
LOAD Core\Src\stm32f0xx_it.o
LOAD Core\Src\syscalls.o
LOAD Core\Src\system_stm32f0xx.o
LOAD Core\Src\usart.o
LOAD Drivers\STM32F0xx_HAL_Driver\Src\stm32f0xx_hal.o
LOAD Drivers\STM32F0xx_HAL_Driver\Src\stm32f0xx_hal_cortex.o
LOAD Drivers\STM32F0xx_HAL_Driver\Src\stm32f0xx_hal_dma.o
LOAD Drivers\STM32F0xx_HAL_Driver\Src\stm32f0xx_hal_exti.o
LOAD Drivers\STM32F0xx_HAL_Driver\Src\stm32f0xx_hal_flash.o
LOAD Drivers\STM32F0xx_HAL_Driver\Src\stm32f0xx_hal_flash_ex.o
LOAD Drivers\STM32F0xx_HAL_Driver\Src\stm32f0xx_hal_gpio.o
LOAD Drivers\STM32F0xx_HAL_Driver\Src\stm32f0xx_hal_i2c.o
LOAD Drivers\STM32F0xx_HAL_Driver\Src\stm32f0xx_hal_i2c_ex.o
LOAD Drivers\STM32F0xx_HAL_Driver\Src\stm32f0xx_hal_iwdg.o
LOAD Drivers\STM32F0xx_HAL_Driver\Src\stm32f0xx_hal_pwr.o
LOAD Drivers\STM32F0xx_HAL_Driver\Src\stm32f0xx_hal_pwr_ex.o
LOAD Drivers\STM32F0xx_HAL_Driver\Src\stm32f0xx_hal_rcc.o
LOAD Drivers\STM32F0xx_HAL_Driver\Src\stm32f0xx_hal_rcc_ex.o
LOAD Drivers\STM32F0xx_HAL_Driver\Src\stm32f0xx_hal_rtc.o
LOAD Drivers\STM32F0xx_HAL_Driver\Src\stm32f0xx_hal_rtc_ex.o
LOAD Drivers\STM32F0xx_HAL_Driver\Src\stm32f0xx_hal_tim.o
LOAD Drivers\STM32F0xx_HAL_Driver\Src\stm32f0xx_hal_tim_ex.o
LOAD Drivers\STM32F0xx_HAL_Driver\Src\stm32f0xx_hal_uart.o
LOAD Drivers\STM32F0xx_HAL_Driver\Src\stm32f0xx_hal_uart_ex.o
LOAD startup\startup_stm32f030x6.o
                0x00000080                malloc_getpagesize_P = 0x80
START GROUP
LOAD d:/program files (x86)/atollic/truestudio for stm32 9.3.0/armtools/bin/../lib/gcc/arm-atollic-eabi/6.3.1/../../../../arm-atollic-eabi/lib/armv6-m\libc_nano.a
LOAD d:/program files (x86)/atollic/truestudio for stm32 9.3.0/armtools/bin/../lib/gcc/arm-atollic-eabi/6.3.1/../../../../arm-atollic-eabi/lib/armv6-m\libm.a
END GROUP
START GROUP
LOAD d:/program files (x86)/atollic/truestudio for stm32 9.3.0/armtools/bin/../lib/gcc/arm-atollic-eabi/6.3.1/armv6-m\libgcc.a
LOAD d:/program files (x86)/atollic/truestudio for stm32 9.3.0/armtools/bin/../lib/gcc/arm-atollic-eabi/6.3.1/../../../../arm-atollic-eabi/lib/armv6-m\libc_nano.a
END GROUP
START GROUP
LOAD d:/program files (x86)/atollic/truestudio for stm32 9.3.0/armtools/bin/../lib/gcc/arm-atollic-eabi/6.3.1/armv6-m\libgcc.a
LOAD d:/program files (x86)/atollic/truestudio for stm32 9.3.0/armtools/bin/../lib/gcc/arm-atollic-eabi/6.3.1/../../../../arm-atollic-eabi/lib/armv6-m\libc_nano.a
LOAD d:/program files (x86)/atollic/truestudio for stm32 9.3.0/armtools/bin/../lib/gcc/arm-atollic-eabi/6.3.1/../../../../arm-atollic-eabi/lib/armv6-m\libnosys.a
END GROUP
START GROUP
LOAD d:/program files (x86)/atollic/truestudio for stm32 9.3.0/armtools/bin/../lib/gcc/arm-atollic-eabi/6.3.1/armv6-m\libgcc.a
LOAD d:/program files (x86)/atollic/truestudio for stm32 9.3.0/armtools/bin/../lib/gcc/arm-atollic-eabi/6.3.1/../../../../arm-atollic-eabi/lib/armv6-m\libc_nano.a
LOAD d:/program files (x86)/atollic/truestudio for stm32 9.3.0/armtools/bin/../lib/gcc/arm-atollic-eabi/6.3.1/../../../../arm-atollic-eabi/lib/armv6-m\libnosys.a
END GROUP
LOAD d:/program files (x86)/atollic/truestudio for stm32 9.3.0/armtools/bin/../lib/gcc/arm-atollic-eabi/6.3.1/armv6-m/crtend.o
LOAD d:/program files (x86)/atollic/truestudio for stm32 9.3.0/armtools/bin/../lib/gcc/arm-atollic-eabi/6.3.1/armv6-m/crtn.o
                0x20001000                _estack = 0x20001000
                0x00000200                _Min_Heap_Size = 0x200
                0x00000400                _Min_Stack_Size = 0x400

.isr_vector     0x08000000       0xc0
                0x08000000                . = ALIGN (0x4)
 *(.isr_vector)
 .isr_vector    0x08000000       0xc0 startup\startup_stm32f030x6.o
                0x08000000                g_pfnVectors
                0x080000c0                . = ALIGN (0x4)

.text           0x080000c0     0x25e4
                0x080000c0                . = ALIGN (0x4)
 *(.text)
 .text          0x080000c0       0x48 d:/program files (x86)/atollic/truestudio for stm32 9.3.0/armtools/bin/../lib/gcc/arm-atollic-eabi/6.3.1/armv6-m/crtbegin.o
 .text          0x08000108      0x114 d:/program files (x86)/atollic/truestudio for stm32 9.3.0/armtools/bin/../lib/gcc/arm-atollic-eabi/6.3.1/armv6-m\libgcc.a(_udivsi3.o)
                0x08000108                __aeabi_uidiv
                0x08000108                __udivsi3
                0x08000214                __aeabi_uidivmod
 .text          0x0800021c        0x4 d:/program files (x86)/atollic/truestudio for stm32 9.3.0/armtools/bin/../lib/gcc/arm-atollic-eabi/6.3.1/armv6-m\libgcc.a(_dvmd_tls.o)
                0x0800021c                __aeabi_idiv0
                0x0800021c                __aeabi_ldiv0
 *(.text*)
 .text.beep_oscillation_cnt
                0x08000220       0x70 Core\Src\beep.o
                0x08000220                beep_oscillation_cnt
 .text.HAL_SYSTICK_Callback
                0x08000290       0x20 Core\Src\delay.o
                0x08000290                HAL_SYSTICK_Callback
 .text.e18_ms1_ipx_init
                0x080002b0       0xbc Core\Src\e18_ms1_ipx.o
                0x080002b0                e18_ms1_ipx_init
 .text.e18_ms1_ipx_protocol_handle
                0x0800036c      0x15c Core\Src\e18_ms1_ipx.o
                0x0800036c                e18_ms1_ipx_protocol_handle
 .text.FLASH_IRQHandler
                0x080004c8        0x8 Core\Src\flash.o
                0x080004c8                FLASH_IRQHandler
 .text.MX_GPIO_Init
                0x080004d0       0x74 Core\Src\gpio.o
                0x080004d0                MX_GPIO_Init
 .text.MX_IWDG_Init
                0x08000544       0x2c Core\Src\iwdg.o
                0x08000544                MX_IWDG_Init
 .text.iwdg_feed
                0x08000570       0x10 Core\Src\iwdg.o
                0x08000570                iwdg_feed
 .text.load_key_tbl
                0x08000580       0x4c Core\Src\key.o
                0x08000580                load_key_tbl
 .text.key_scan
                0x080005cc       0xe4 Core\Src\key.o
                0x080005cc                key_scan
 .text.key_handler
                0x080006b0       0x80 Core\Src\key.o
                0x080006b0                key_handler
 .text.key_lock_retrig_cb
                0x08000730        0x4 Core\Src\key_user.o
                0x08000730                key_lock_retrig_cb
 .text.key_lock_press_cb
                0x08000734        0xc Core\Src\key_user.o
                0x08000734                key_lock_press_cb
 .text.key_lock_release_cb
                0x08000740        0x4 Core\Src\key_user.o
                0x08000740                key_lock_release_cb
 .text.key_lock_long_cb
                0x08000744        0x4 Core\Src\key_user.o
                0x08000744                key_lock_long_cb
 .text.key_gpio_config
                0x08000748        0x4 Core\Src\key_user.o
                0x08000748                key_gpio_config
 .text.key_init
                0x0800074c       0x18 Core\Src\key_user.o
                0x0800074c                key_init
 .text.led_blink
                0x08000764       0x7c Core\Src\led.o
                0x08000764                led_blink
 .text.led_blink_cnt
                0x080007e0       0xd8 Core\Src\led.o
                0x080007e0                led_blink_cnt
 .text.led_blink_clear
                0x080008b8       0x84 Core\Src\led.o
                0x080008b8                led_blink_clear
 .text.list_init
                0x0800093c        0x8 Core\Src\list.o
                0x0800093c                list_init
 .text.list_insert_tail
                0x08000944        0xc Core\Src\list.o
                0x08000944                list_insert_tail
 .text.lock_unlocking
                0x08000950       0x2c Core\Src\lock.o
                0x08000950                lock_unlocking
 .text.lock_unlocking_time_cnt
                0x0800097c       0x40 Core\Src\lock.o
                0x0800097c                lock_unlocking_time_cnt
 .text.on_tick  0x080009bc       0x70 Core\Src\main.o
                0x080009bc                on_tick
 .text.SystemClock_Config
                0x08000a2c       0x70 Core\Src\main.o
                0x08000a2c                SystemClock_Config
 .text.startup.main
                0x08000a9c       0x64 Core\Src\main.o
                0x08000a9c                main
 .text.Error_Handler
                0x08000b00        0x4 Core\Src\main.o
                0x08000b00                Error_Handler
 .text.power_init
                0x08000b04       0x24 Core\Src\power.o
                0x08000b04                power_init
 .text.power_get_ac_state
                0x08000b28        0xc Core\Src\power.o
                0x08000b28                power_get_ac_state
 .text.power_ac_state_cnt
                0x08000b34       0x58 Core\Src\power.o
                0x08000b34                power_ac_state_cnt
 .text.timer_init
                0x08000b8c       0x10 Core\Src\softtimer.o
                0x08000b8c                timer_init
 .text.timer_arm
                0x08000b9c       0x20 Core\Src\softtimer.o
                0x08000b9c                timer_arm
 .text.timer_start
                0x08000bbc        0xc Core\Src\softtimer.o
                0x08000bbc                timer_start
 .text.timer_stop
                0x08000bc8       0x10 Core\Src\softtimer.o
                0x08000bc8                timer_stop
 .text.timer_exec
                0x08000bd8       0x40 Core\Src\softtimer.o
                0x08000bd8                timer_exec
 .text.timer_service
                0x08000c18       0x60 Core\Src\softtimer.o
                0x08000c18                timer_service
 .text.init_queue
                0x08000c78       0x1c Core\Src\squeue.o
                0x08000c78                init_queue
 .text.enqueue  0x08000c94       0x24 Core\Src\squeue.o
                0x08000c94                enqueue
 .text.dequeue  0x08000cb8       0x20 Core\Src\squeue.o
                0x08000cb8                dequeue
 .text.length   0x08000cd8       0x18 Core\Src\squeue.o
                0x08000cd8                length
 .text.HAL_MspInit
                0x08000cf0       0x30 Core\Src\stm32f0xx_hal_msp.o
                0x08000cf0                HAL_MspInit
 .text.NMI_Handler
                0x08000d20        0x4 Core\Src\stm32f0xx_it.o
                0x08000d20                NMI_Handler
 .text.HardFault_Handler
                0x08000d24        0x4 Core\Src\stm32f0xx_it.o
                0x08000d24                HardFault_Handler
 .text.SVC_Handler
                0x08000d28        0x4 Core\Src\stm32f0xx_it.o
                0x08000d28                SVC_Handler
 .text.PendSV_Handler
                0x08000d2c        0x4 Core\Src\stm32f0xx_it.o
                0x08000d2c                PendSV_Handler
 .text.SysTick_Handler
                0x08000d30        0xc Core\Src\stm32f0xx_it.o
                0x08000d30                SysTick_Handler
 .text.USART1_IRQHandler
                0x08000d3c       0x4c Core\Src\stm32f0xx_it.o
                0x08000d3c                USART1_IRQHandler
 .text.SystemInit
                0x08000d88        0x4 Core\Src\system_stm32f0xx.o
                0x08000d88                SystemInit
 .text.usart1_init
                0x08000d8c       0x38 Core\Src\usart.o
                0x08000d8c                usart1_init
 .text.usart1_send_data
                0x08000dc4       0x18 Core\Src\usart.o
                0x08000dc4                usart1_send_data
 .text.usart1_receive_data
                0x08000ddc       0x24 Core\Src\usart.o
                0x08000ddc                usart1_receive_data
 .text.HAL_UART_MspInit
                0x08000e00       0x78 Core\Src\usart.o
                0x08000e00                HAL_UART_MspInit
 .text.HAL_InitTick
                0x08000e78       0x4c Drivers\STM32F0xx_HAL_Driver\Src\stm32f0xx_hal.o
                0x08000e78                HAL_InitTick
 .text.HAL_Init
                0x08000ec4       0x20 Drivers\STM32F0xx_HAL_Driver\Src\stm32f0xx_hal.o
                0x08000ec4                HAL_Init
 .text.HAL_IncTick
                0x08000ee4       0x18 Drivers\STM32F0xx_HAL_Driver\Src\stm32f0xx_hal.o
                0x08000ee4                HAL_IncTick
 .text.HAL_GetTick
                0x08000efc        0xc Drivers\STM32F0xx_HAL_Driver\Src\stm32f0xx_hal.o
                0x08000efc                HAL_GetTick
 .text.HAL_Delay
                0x08000f08       0x24 Drivers\STM32F0xx_HAL_Driver\Src\stm32f0xx_hal.o
                0x08000f08                HAL_Delay
 .text.HAL_NVIC_SetPriority
                0x08000f2c       0x64 Drivers\STM32F0xx_HAL_Driver\Src\stm32f0xx_hal_cortex.o
                0x08000f2c                HAL_NVIC_SetPriority
 .text.HAL_NVIC_EnableIRQ
                0x08000f90       0x18 Drivers\STM32F0xx_HAL_Driver\Src\stm32f0xx_hal_cortex.o
                0x08000f90                HAL_NVIC_EnableIRQ
 .text.HAL_SYSTICK_Config
                0x08000fa8       0x38 Drivers\STM32F0xx_HAL_Driver\Src\stm32f0xx_hal_cortex.o
                0x08000fa8                HAL_SYSTICK_Config
 .text.HAL_SYSTICK_IRQHandler
                0x08000fe0        0x8 Drivers\STM32F0xx_HAL_Driver\Src\stm32f0xx_hal_cortex.o
                0x08000fe0                HAL_SYSTICK_IRQHandler
 .text.HAL_DMA_Abort
                0x08000fe8       0x40 Drivers\STM32F0xx_HAL_Driver\Src\stm32f0xx_hal_dma.o
                0x08000fe8                HAL_DMA_Abort
 .text.HAL_DMA_Abort_IT
                0x08001028       0x48 Drivers\STM32F0xx_HAL_Driver\Src\stm32f0xx_hal_dma.o
                0x08001028                HAL_DMA_Abort_IT
 .text.HAL_FLASH_EndOfOperationCallback
                0x08001070        0x4 Drivers\STM32F0xx_HAL_Driver\Src\stm32f0xx_hal_flash.o
                0x08001070                HAL_FLASH_EndOfOperationCallback
 .text.HAL_FLASH_OperationErrorCallback
                0x08001074        0x4 Drivers\STM32F0xx_HAL_Driver\Src\stm32f0xx_hal_flash.o
                0x08001074                HAL_FLASH_OperationErrorCallback
 .text.HAL_FLASH_IRQHandler
                0x08001078      0x15c Drivers\STM32F0xx_HAL_Driver\Src\stm32f0xx_hal_flash.o
                0x08001078                HAL_FLASH_IRQHandler
 .text.FLASH_PageErase
                0x080011d4       0x24 Drivers\STM32F0xx_HAL_Driver\Src\stm32f0xx_hal_flash_ex.o
                0x080011d4                FLASH_PageErase
 .text.HAL_GPIO_Init
                0x080011f8      0x214 Drivers\STM32F0xx_HAL_Driver\Src\stm32f0xx_hal_gpio.o
                0x080011f8                HAL_GPIO_Init
 .text.HAL_GPIO_ReadPin
                0x0800140c        0xc Drivers\STM32F0xx_HAL_Driver\Src\stm32f0xx_hal_gpio.o
                0x0800140c                HAL_GPIO_ReadPin
 .text.HAL_GPIO_WritePin
                0x08001418        0xc Drivers\STM32F0xx_HAL_Driver\Src\stm32f0xx_hal_gpio.o
                0x08001418                HAL_GPIO_WritePin
 .text.HAL_GPIO_TogglePin
                0x08001424       0x10 Drivers\STM32F0xx_HAL_Driver\Src\stm32f0xx_hal_gpio.o
                0x08001424                HAL_GPIO_TogglePin
 .text.HAL_IWDG_Init
                0x08001434       0x5c Drivers\STM32F0xx_HAL_Driver\Src\stm32f0xx_hal_iwdg.o
                0x08001434                HAL_IWDG_Init
 .text.HAL_IWDG_Refresh
                0x08001490       0x10 Drivers\STM32F0xx_HAL_Driver\Src\stm32f0xx_hal_iwdg.o
                0x08001490                HAL_IWDG_Refresh
 .text.HAL_RCC_OscConfig
                0x080014a0      0x4b4 Drivers\STM32F0xx_HAL_Driver\Src\stm32f0xx_hal_rcc.o
                0x080014a0                HAL_RCC_OscConfig
 .text.HAL_RCC_ClockConfig
                0x08001954      0x170 Drivers\STM32F0xx_HAL_Driver\Src\stm32f0xx_hal_rcc.o
                0x08001954                HAL_RCC_ClockConfig
 .text.HAL_RCC_GetSysClockFreq
                0x08001ac4       0x68 Drivers\STM32F0xx_HAL_Driver\Src\stm32f0xx_hal_rcc.o
                0x08001ac4                HAL_RCC_GetSysClockFreq
 .text.HAL_RCC_GetPCLK1Freq
                0x08001b2c       0x20 Drivers\STM32F0xx_HAL_Driver\Src\stm32f0xx_hal_rcc.o
                0x08001b2c                HAL_RCC_GetPCLK1Freq
 .text.HAL_RCCEx_PeriphCLKConfig
                0x08001b4c      0x124 Drivers\STM32F0xx_HAL_Driver\Src\stm32f0xx_hal_rcc_ex.o
                0x08001b4c                HAL_RCCEx_PeriphCLKConfig
 .text.HAL_UART_Transmit
                0x08001c70      0x1d8 Drivers\STM32F0xx_HAL_Driver\Src\stm32f0xx_hal_uart.o
                0x08001c70                HAL_UART_Transmit
 .text.HAL_UART_Receive
                0x08001e48      0x1c4 Drivers\STM32F0xx_HAL_Driver\Src\stm32f0xx_hal_uart.o
                0x08001e48                HAL_UART_Receive
 .text.HAL_UART_TxCpltCallback
                0x0800200c        0x4 Drivers\STM32F0xx_HAL_Driver\Src\stm32f0xx_hal_uart.o
                0x0800200c                HAL_UART_TxCpltCallback
 .text.HAL_UART_ErrorCallback
                0x08002010        0x4 Drivers\STM32F0xx_HAL_Driver\Src\stm32f0xx_hal_uart.o
                0x08002010                HAL_UART_ErrorCallback
 .text.UART_DMAAbortOnError
                0x08002014       0x14 Drivers\STM32F0xx_HAL_Driver\Src\stm32f0xx_hal_uart.o
 .text.HAL_UARTEx_RxEventCallback
                0x08002028        0x4 Drivers\STM32F0xx_HAL_Driver\Src\stm32f0xx_hal_uart.o
                0x08002028                HAL_UARTEx_RxEventCallback
 .text.HAL_UART_IRQHandler
                0x0800202c      0x26c Drivers\STM32F0xx_HAL_Driver\Src\stm32f0xx_hal_uart.o
                0x0800202c                HAL_UART_IRQHandler
 .text.UART_AdvFeatureConfig
                0x08002298       0xd0 Drivers\STM32F0xx_HAL_Driver\Src\stm32f0xx_hal_uart.o
                0x08002298                UART_AdvFeatureConfig
 .text.UART_CheckIdleState
                0x08002368       0xec Drivers\STM32F0xx_HAL_Driver\Src\stm32f0xx_hal_uart.o
                0x08002368                UART_CheckIdleState
 .text.HAL_UART_Init
                0x08002454      0x178 Drivers\STM32F0xx_HAL_Driver\Src\stm32f0xx_hal_uart.o
                0x08002454                HAL_UART_Init
 .text.Reset_Handler
                0x080025cc       0x50 startup\startup_stm32f030x6.o
                0x080025cc                Reset_Handler
 .text.Default_Handler
                0x0800261c        0x2 startup\startup_stm32f030x6.o
                0x0800261c                TIM1_CC_IRQHandler
                0x0800261c                I2C1_IRQHandler
                0x0800261c                SPI1_IRQHandler
                0x0800261c                EXTI2_3_IRQHandler
                0x0800261c                ADC1_IRQHandler
                0x0800261c                TIM17_IRQHandler
                0x0800261c                RTC_IRQHandler
                0x0800261c                TIM16_IRQHandler
                0x0800261c                TIM3_IRQHandler
                0x0800261c                EXTI4_15_IRQHandler
                0x0800261c                RCC_IRQHandler
                0x0800261c                DMA1_Channel1_IRQHandler
                0x0800261c                Default_Handler
                0x0800261c                TIM14_IRQHandler
                0x0800261c                DMA1_Channel4_5_IRQHandler
                0x0800261c                EXTI0_1_IRQHandler
                0x0800261c                WWDG_IRQHandler
                0x0800261c                DMA1_Channel2_3_IRQHandler
                0x0800261c                TIM1_BRK_UP_TRG_COM_IRQHandler
 *fill*         0x0800261e        0x2 
 .text.__libc_init_array
                0x08002620       0x48 d:/program files (x86)/atollic/truestudio for stm32 9.3.0/armtools/bin/../lib/gcc/arm-atollic-eabi/6.3.1/../../../../arm-atollic-eabi/lib/armv6-m\libc_nano.a(lib_a-init.o)
                0x08002620                __libc_init_array
 .text.memcpy   0x08002668       0x12 d:/program files (x86)/atollic/truestudio for stm32 9.3.0/armtools/bin/../lib/gcc/arm-atollic-eabi/6.3.1/../../../../arm-atollic-eabi/lib/armv6-m\libc_nano.a(lib_a-memcpy-stub.o)
                0x08002668                memcpy
 .text.memset   0x0800267a       0x10 d:/program files (x86)/atollic/truestudio for stm32 9.3.0/armtools/bin/../lib/gcc/arm-atollic-eabi/6.3.1/../../../../arm-atollic-eabi/lib/armv6-m\libc_nano.a(lib_a-memset.o)
                0x0800267a                memset
 *(.glue_7)
 .glue_7        0x0800268a        0x0 linker stubs
 *(.glue_7t)
 .glue_7t       0x0800268a        0x0 linker stubs
 *(.eh_frame)
 *fill*         0x0800268a        0x2 
 .eh_frame      0x0800268c        0x0 d:/program files (x86)/atollic/truestudio for stm32 9.3.0/armtools/bin/../lib/gcc/arm-atollic-eabi/6.3.1/armv6-m/crtbegin.o
 *(.init)
 .init          0x0800268c        0x4 d:/program files (x86)/atollic/truestudio for stm32 9.3.0/armtools/bin/../lib/gcc/arm-atollic-eabi/6.3.1/armv6-m/crti.o
                0x0800268c                _init
 .init          0x08002690        0x8 d:/program files (x86)/atollic/truestudio for stm32 9.3.0/armtools/bin/../lib/gcc/arm-atollic-eabi/6.3.1/armv6-m/crtn.o
 *(.fini)
 .fini          0x08002698        0x4 d:/program files (x86)/atollic/truestudio for stm32 9.3.0/armtools/bin/../lib/gcc/arm-atollic-eabi/6.3.1/armv6-m/crti.o
                0x08002698                _fini
 .fini          0x0800269c        0x8 d:/program files (x86)/atollic/truestudio for stm32 9.3.0/armtools/bin/../lib/gcc/arm-atollic-eabi/6.3.1/armv6-m/crtn.o
                0x080026a4                . = ALIGN (0x4)
                0x080026a4                _etext = .

.vfp11_veneer   0x080026a4        0x0
 .vfp11_veneer  0x080026a4        0x0 linker stubs

.v4_bx          0x080026a4        0x0
 .v4_bx         0x080026a4        0x0 linker stubs

.iplt           0x080026a4        0x0
 .iplt          0x080026a4        0x0 d:/program files (x86)/atollic/truestudio for stm32 9.3.0/armtools/bin/../lib/gcc/arm-atollic-eabi/6.3.1/armv6-m/crtbegin.o

.rodata         0x080026a4       0x68
                0x080026a4                . = ALIGN (0x4)
 *(.rodata)
 .rodata        0x080026a4       0x20 Drivers\STM32F0xx_HAL_Driver\Src\stm32f0xx_hal_rcc.o
 *(.rodata*)
 .rodata.key_scan
                0x080026c4       0x1c Core\Src\key.o
 .rodata.gCallback
                0x080026e0       0x10 Core\Src\key_user.o
 .rodata.AHBPrescTable
                0x080026f0       0x10 Core\Src\system_stm32f0xx.o
                0x080026f0                AHBPrescTable
 .rodata.APBPrescTable
                0x08002700        0x8 Core\Src\system_stm32f0xx.o
                0x08002700                APBPrescTable
 .rodata.CSWTCH.56
                0x08002708        0x4 Drivers\STM32F0xx_HAL_Driver\Src\stm32f0xx_hal_uart.o
                0x0800270c                . = ALIGN (0x4)

.rel.dyn        0x0800270c        0x0
 .rel.iplt      0x0800270c        0x0 d:/program files (x86)/atollic/truestudio for stm32 9.3.0/armtools/bin/../lib/gcc/arm-atollic-eabi/6.3.1/armv6-m/crtbegin.o

.ARM.extab
 *(.ARM.extab* .gnu.linkonce.armextab.*)

.ARM            0x0800270c        0x0
                0x0800270c                __exidx_start = .
 *(.ARM.exidx*)
                0x0800270c                __exidx_end = .

.preinit_array  0x0800270c        0x0
                0x0800270c                PROVIDE (__preinit_array_start, .)
 *(.preinit_array*)
                0x0800270c                PROVIDE (__preinit_array_end, .)

.init_array     0x0800270c        0x4
                0x0800270c                PROVIDE (__init_array_start, .)
 *(SORT(.init_array.*))
 *(.init_array*)
 .init_array    0x0800270c        0x4 d:/program files (x86)/atollic/truestudio for stm32 9.3.0/armtools/bin/../lib/gcc/arm-atollic-eabi/6.3.1/armv6-m/crtbegin.o
                0x08002710                PROVIDE (__init_array_end, .)

.fini_array     0x08002710        0x4
                [!provide]                PROVIDE (__fini_array_start, .)
 *(SORT(.fini_array.*))
 *(.fini_array*)
 .fini_array    0x08002710        0x4 d:/program files (x86)/atollic/truestudio for stm32 9.3.0/armtools/bin/../lib/gcc/arm-atollic-eabi/6.3.1/armv6-m/crtbegin.o
                [!provide]                PROVIDE (__fini_array_end, .)
                0x08002714                _sidata = LOADADDR (.data)

.data           0x20000000       0x28 load address 0x08002714
                0x20000000                . = ALIGN (0x4)
                0x20000000                _sdata = .
 *(.data)
 *(.data*)
 .data.beep_half_cycle_ms
                0x20000000        0x4 Core\Src\beep.o
 .data.beep_time_ms
                0x20000004        0x4 Core\Src\beep.o
 .data.led_light_half_cycle_ms
                0x20000008        0x4 Core\Src\led.o
 .data.led_light_time_ms
                0x2000000c        0x4 Core\Src\led.o
 .data.led_run_half_cycle_ms
                0x20000010        0x4 Core\Src\led.o
 .data.led_run_time_ms
                0x20000014        0x4 Core\Src\led.o
 .data.lock_delay_ms
                0x20000018        0x4 Core\Src\lock.o
 .data.SystemCoreClock
                0x2000001c        0x4 Core\Src\system_stm32f0xx.o
                0x2000001c                SystemCoreClock
 .data.uwTickFreq
                0x20000020        0x1 Drivers\STM32F0xx_HAL_Driver\Src\stm32f0xx_hal.o
                0x20000020                uwTickFreq
 *fill*         0x20000021        0x3 
 .data.uwTickPrio
                0x20000024        0x4 Drivers\STM32F0xx_HAL_Driver\Src\stm32f0xx_hal.o
                0x20000024                uwTickPrio
                0x20000028                . = ALIGN (0x4)
                0x20000028                _edata = .

.igot.plt       0x20000028        0x0 load address 0x0800273c
 .igot.plt      0x20000028        0x0 d:/program files (x86)/atollic/truestudio for stm32 9.3.0/armtools/bin/../lib/gcc/arm-atollic-eabi/6.3.1/armv6-m/crtbegin.o
                0x20000028                . = ALIGN (0x4)

.bss            0x20000028      0x208 load address 0x0800273c
                0x20000028                _sbss = .
                0x20000028                __bss_start__ = _sbss
 *(.bss)
 .bss           0x20000028       0x1c d:/program files (x86)/atollic/truestudio for stm32 9.3.0/armtools/bin/../lib/gcc/arm-atollic-eabi/6.3.1/armv6-m/crtbegin.o
 *(.bss*)
 .bss.beep_flag
                0x20000044        0x1 Core\Src\beep.o
 *fill*         0x20000045        0x3 
 .bss.beep_half_cycle_cnt
                0x20000048        0x4 Core\Src\beep.o
 .bss.beep_time_cnt
                0x2000004c        0x4 Core\Src\beep.o
 .bss.nonetwork_cnt.5974
                0x20000050        0x1 Core\Src\e18_ms1_ipx.o
 .bss.gKeyCurStatStep
                0x20000051        0x1 Core\Src\key.o
 .bss.gKeyLastValue
                0x20000052        0x1 Core\Src\key.o
 *fill*         0x20000053        0x1 
 .bss.gKeyTblPtr
                0x20000054        0x4 Core\Src\key.o
 .bss.gKeyTimeCtr
                0x20000058        0x2 Core\Src\key.o
 .bss.init_ok   0x2000005a        0x1 Core\Src\key.o
 *fill*         0x2000005b        0x1 
 .bss.gKeyTbl   0x2000005c       0x14 Core\Src\key_user.o
 .bss.led_light_flag
                0x20000070        0x1 Core\Src\led.o
 *fill*         0x20000071        0x3 
 .bss.led_light_half_cycle_cnt
                0x20000074        0x4 Core\Src\led.o
 .bss.led_light_time_cnt
                0x20000078        0x4 Core\Src\led.o
 .bss.led_run_flag
                0x2000007c        0x1 Core\Src\led.o
 *fill*         0x2000007d        0x3 
 .bss.led_run_half_cycle_cnt
                0x20000080        0x4 Core\Src\led.o
 .bss.led_run_time_cnt
                0x20000084        0x4 Core\Src\led.o
 .bss.cnt.5472  0x20000088        0x4 Core\Src\lock.o
 .bss.lock_flag
                0x2000008c        0x1 Core\Src\lock.o
 *fill*         0x2000008d        0x3 
 .bss.cnt.5468  0x20000090        0x4 Core\Src\power.o
 .bss.power_ac_flag
                0x20000094        0x1 Core\Src\power.o
 .bss.power_ac_state
                0x20000095        0x1 Core\Src\power.o
 *fill*         0x20000096        0x2 
 .bss.g_head    0x20000098        0x8 Core\Src\softtimer.o
 .bss.e.4582    0x200000a0       0x40 Core\Src\squeue.o
 .bss.usart1_rx_size
                0x200000e0        0x2 Core\Src\usart.o
                0x200000e0                usart1_rx_size
 *(COMMON)
 *fill*         0x200000e2        0x2 
 COMMON         0x200000e4       0x31 Core\Src\e18_ms1_ipx.o
                0x200000e4                e18_ms1_ipx
 *fill*         0x20000115        0x3 
 COMMON         0x20000118       0x10 Core\Src\iwdg.o
                0x20000118                hiwdg
 COMMON         0x20000128       0x20 Core\Src\main.o
                0x20000128                usart1_queue
                0x20000130                usart1_timer
 COMMON         0x20000148       0xc4 Core\Src\usart.o
                0x20000148                usart1_rx_buffer
                0x20000188                huart1
 COMMON         0x2000020c        0x4 Drivers\STM32F0xx_HAL_Driver\Src\stm32f0xx_hal.o
                0x2000020c                uwTick
 COMMON         0x20000210       0x20 Drivers\STM32F0xx_HAL_Driver\Src\stm32f0xx_hal_flash.o
                0x20000210                pFlash
                0x20000230                . = ALIGN (0x4)
                0x20000230                _ebss = .
                0x20000230                __bss_end__ = _ebss

._user_heap_stack
                0x20000230      0x600 load address 0x0800273c
                0x20000230                . = ALIGN (0x4)
                0x20000230                PROVIDE (end, .)
                [!provide]                PROVIDE (_end, .)
                0x20000430                . = (. + _Min_Heap_Size)
 *fill*         0x20000230      0x200 
                0x20000830                . = (. + _Min_Stack_Size)
 *fill*         0x20000430      0x400 
                0x20000830                . = ALIGN (0x4)

/DISCARD/
 libc.a(*)
 libm.a(*)
 libgcc.a(*)

.ARM.attributes
                0x00000000       0x28
 *(.ARM.attributes)
 .ARM.attributes
                0x00000000       0x1e d:/program files (x86)/atollic/truestudio for stm32 9.3.0/armtools/bin/../lib/gcc/arm-atollic-eabi/6.3.1/armv6-m/crti.o
 .ARM.attributes
                0x0000001e       0x2c d:/program files (x86)/atollic/truestudio for stm32 9.3.0/armtools/bin/../lib/gcc/arm-atollic-eabi/6.3.1/armv6-m/crtbegin.o
 .ARM.attributes
                0x0000004a       0x31 Core\Src\beep.o
 .ARM.attributes
                0x0000007b       0x31 Core\Src\delay.o
 .ARM.attributes
                0x000000ac       0x31 Core\Src\e18_ms1_ipx.o
 .ARM.attributes
                0x000000dd       0x31 Core\Src\flash.o
 .ARM.attributes
                0x0000010e       0x31 Core\Src\gpio.o
 .ARM.attributes
                0x0000013f       0x31 Core\Src\iwdg.o
 .ARM.attributes
                0x00000170       0x31 Core\Src\key.o
 .ARM.attributes
                0x000001a1       0x31 Core\Src\key_user.o
 .ARM.attributes
                0x000001d2       0x31 Core\Src\led.o
 .ARM.attributes
                0x00000203       0x31 Core\Src\list.o
 .ARM.attributes
                0x00000234       0x31 Core\Src\lock.o
 .ARM.attributes
                0x00000265       0x31 Core\Src\main.o
 .ARM.attributes
                0x00000296       0x31 Core\Src\power.o
 .ARM.attributes
                0x000002c7       0x31 Core\Src\softtimer.o
 .ARM.attributes
                0x000002f8       0x31 Core\Src\squeue.o
 .ARM.attributes
                0x00000329       0x31 Core\Src\stm32f0xx_hal_msp.o
 .ARM.attributes
                0x0000035a       0x31 Core\Src\stm32f0xx_it.o
 .ARM.attributes
                0x0000038b       0x31 Core\Src\system_stm32f0xx.o
 .ARM.attributes
                0x000003bc       0x31 Core\Src\usart.o
 .ARM.attributes
                0x000003ed       0x31 Drivers\STM32F0xx_HAL_Driver\Src\stm32f0xx_hal.o
 .ARM.attributes
                0x0000041e       0x31 Drivers\STM32F0xx_HAL_Driver\Src\stm32f0xx_hal_cortex.o
 .ARM.attributes
                0x0000044f       0x31 Drivers\STM32F0xx_HAL_Driver\Src\stm32f0xx_hal_dma.o
 .ARM.attributes
                0x00000480       0x31 Drivers\STM32F0xx_HAL_Driver\Src\stm32f0xx_hal_flash.o
 .ARM.attributes
                0x000004b1       0x31 Drivers\STM32F0xx_HAL_Driver\Src\stm32f0xx_hal_flash_ex.o
 .ARM.attributes
                0x000004e2       0x31 Drivers\STM32F0xx_HAL_Driver\Src\stm32f0xx_hal_gpio.o
 .ARM.attributes
                0x00000513       0x31 Drivers\STM32F0xx_HAL_Driver\Src\stm32f0xx_hal_iwdg.o
 .ARM.attributes
                0x00000544       0x31 Drivers\STM32F0xx_HAL_Driver\Src\stm32f0xx_hal_rcc.o
 .ARM.attributes
                0x00000575       0x31 Drivers\STM32F0xx_HAL_Driver\Src\stm32f0xx_hal_rcc_ex.o
 .ARM.attributes
                0x000005a6       0x31 Drivers\STM32F0xx_HAL_Driver\Src\stm32f0xx_hal_uart.o
 .ARM.attributes
                0x000005d7       0x21 startup\startup_stm32f030x6.o
 .ARM.attributes
                0x000005f8       0x2c d:/program files (x86)/atollic/truestudio for stm32 9.3.0/armtools/bin/../lib/gcc/arm-atollic-eabi/6.3.1/../../../../arm-atollic-eabi/lib/armv6-m\libc_nano.a(lib_a-init.o)
 .ARM.attributes
                0x00000624       0x2c d:/program files (x86)/atollic/truestudio for stm32 9.3.0/armtools/bin/../lib/gcc/arm-atollic-eabi/6.3.1/../../../../arm-atollic-eabi/lib/armv6-m\libc_nano.a(lib_a-memcpy-stub.o)
 .ARM.attributes
                0x00000650       0x2c d:/program files (x86)/atollic/truestudio for stm32 9.3.0/armtools/bin/../lib/gcc/arm-atollic-eabi/6.3.1/../../../../arm-atollic-eabi/lib/armv6-m\libc_nano.a(lib_a-memset.o)
 .ARM.attributes
                0x0000067c       0x1e d:/program files (x86)/atollic/truestudio for stm32 9.3.0/armtools/bin/../lib/gcc/arm-atollic-eabi/6.3.1/armv6-m\libgcc.a(_udivsi3.o)
 .ARM.attributes
                0x0000069a       0x1e d:/program files (x86)/atollic/truestudio for stm32 9.3.0/armtools/bin/../lib/gcc/arm-atollic-eabi/6.3.1/armv6-m\libgcc.a(_dvmd_tls.o)
 .ARM.attributes
                0x000006b8       0x1e d:/program files (x86)/atollic/truestudio for stm32 9.3.0/armtools/bin/../lib/gcc/arm-atollic-eabi/6.3.1/armv6-m/crtn.o
OUTPUT(CZ201C_HW_V2.00.elf elf32-littlearm)

.debug_info     0x00000000    0x10a8a
 .debug_info    0x00000000      0x390 Core\Src\beep.o
 .debug_info    0x00000390      0x206 Core\Src\delay.o
 .debug_info    0x00000596     0x1360 Core\Src\e18_ms1_ipx.o
 .debug_info    0x000018f6     0x10e4 Core\Src\flash.o
 .debug_info    0x000029da      0x41d Core\Src\gpio.o
 .debug_info    0x00002df7      0x2ca Core\Src\iwdg.o
 .debug_info    0x000030c1      0x4ba Core\Src\key.o
 .debug_info    0x0000357b     0x102e Core\Src\key_user.o
 .debug_info    0x000045a9      0x473 Core\Src\led.o
 .debug_info    0x00004a1c      0x2e7 Core\Src\list.o
 .debug_info    0x00004d03      0x33b Core\Src\lock.o
 .debug_info    0x0000503e     0x1896 Core\Src\main.o
 .debug_info    0x000068d4      0x2d6 Core\Src\power.o
 .debug_info    0x00006baa      0x3ab Core\Src\softtimer.o
 .debug_info    0x00006f55      0xb95 Core\Src\squeue.o
 .debug_info    0x00007aea      0x258 Core\Src\stm32f0xx_hal_msp.o
 .debug_info    0x00007d42     0x113d Core\Src\stm32f0xx_it.o
 .debug_info    0x00008e7f      0x2a4 Core\Src\system_stm32f0xx.o
 .debug_info    0x00009123     0x1521 Core\Src\usart.o
 .debug_info    0x0000a644      0x70f Drivers\STM32F0xx_HAL_Driver\Src\stm32f0xx_hal.o
 .debug_info    0x0000ad53      0x82c Drivers\STM32F0xx_HAL_Driver\Src\stm32f0xx_hal_cortex.o
 .debug_info    0x0000b57f      0x891 Drivers\STM32F0xx_HAL_Driver\Src\stm32f0xx_hal_dma.o
 .debug_info    0x0000be10      0x7dd Drivers\STM32F0xx_HAL_Driver\Src\stm32f0xx_hal_flash.o
 .debug_info    0x0000c5ed      0xab6 Drivers\STM32F0xx_HAL_Driver\Src\stm32f0xx_hal_flash_ex.o
 .debug_info    0x0000d0a3      0x679 Drivers\STM32F0xx_HAL_Driver\Src\stm32f0xx_hal_gpio.o
 .debug_info    0x0000d71c      0x2c2 Drivers\STM32F0xx_HAL_Driver\Src\stm32f0xx_hal_iwdg.o
 .debug_info    0x0000d9de      0xa46 Drivers\STM32F0xx_HAL_Driver\Src\stm32f0xx_hal_rcc.o
 .debug_info    0x0000e424      0x42f Drivers\STM32F0xx_HAL_Driver\Src\stm32f0xx_hal_rcc_ex.o
 .debug_info    0x0000e853     0x21a9 Drivers\STM32F0xx_HAL_Driver\Src\stm32f0xx_hal_uart.o
 .debug_info    0x000109fc       0x8e startup\startup_stm32f030x6.o

.debug_abbrev   0x00000000     0x3903
 .debug_abbrev  0x00000000      0x143 Core\Src\beep.o
 .debug_abbrev  0x00000143       0xc7 Core\Src\delay.o
 .debug_abbrev  0x0000020a      0x28c Core\Src\e18_ms1_ipx.o
 .debug_abbrev  0x00000496      0x302 Core\Src\flash.o
 .debug_abbrev  0x00000798      0x179 Core\Src\gpio.o
 .debug_abbrev  0x00000911      0x155 Core\Src\iwdg.o
 .debug_abbrev  0x00000a66      0x1ef Core\Src\key.o
 .debug_abbrev  0x00000c55      0x246 Core\Src\key_user.o
 .debug_abbrev  0x00000e9b      0x16e Core\Src\led.o
 .debug_abbrev  0x00001009      0x129 Core\Src\list.o
 .debug_abbrev  0x00001132      0x145 Core\Src\lock.o
 .debug_abbrev  0x00001277      0x286 Core\Src\main.o
 .debug_abbrev  0x000014fd      0x15f Core\Src\power.o
 .debug_abbrev  0x0000165c      0x184 Core\Src\softtimer.o
 .debug_abbrev  0x000017e0      0x294 Core\Src\squeue.o
 .debug_abbrev  0x00001a74      0x100 Core\Src\stm32f0xx_hal_msp.o
 .debug_abbrev  0x00001b74      0x250 Core\Src\stm32f0xx_it.o
 .debug_abbrev  0x00001dc4      0x126 Core\Src\system_stm32f0xx.o
 .debug_abbrev  0x00001eea      0x2b5 Core\Src\usart.o
 .debug_abbrev  0x0000219f      0x264 Drivers\STM32F0xx_HAL_Driver\Src\stm32f0xx_hal.o
 .debug_abbrev  0x00002403      0x260 Drivers\STM32F0xx_HAL_Driver\Src\stm32f0xx_hal_cortex.o
 .debug_abbrev  0x00002663      0x212 Drivers\STM32F0xx_HAL_Driver\Src\stm32f0xx_hal_dma.o
 .debug_abbrev  0x00002875      0x2ab Drivers\STM32F0xx_HAL_Driver\Src\stm32f0xx_hal_flash.o
 .debug_abbrev  0x00002b20      0x2cf Drivers\STM32F0xx_HAL_Driver\Src\stm32f0xx_hal_flash_ex.o
 .debug_abbrev  0x00002def      0x1e6 Drivers\STM32F0xx_HAL_Driver\Src\stm32f0xx_hal_gpio.o
 .debug_abbrev  0x00002fd5      0x144 Drivers\STM32F0xx_HAL_Driver\Src\stm32f0xx_hal_iwdg.o
 .debug_abbrev  0x00003119      0x2ca Drivers\STM32F0xx_HAL_Driver\Src\stm32f0xx_hal_rcc.o
 .debug_abbrev  0x000033e3      0x1b5 Drivers\STM32F0xx_HAL_Driver\Src\stm32f0xx_hal_rcc_ex.o
 .debug_abbrev  0x00003598      0x359 Drivers\STM32F0xx_HAL_Driver\Src\stm32f0xx_hal_uart.o
 .debug_abbrev  0x000038f1       0x12 startup\startup_stm32f030x6.o

.debug_loc      0x00000000     0x5ea6
 .debug_loc     0x00000000       0x76 Core\Src\beep.o
 .debug_loc     0x00000076      0x1f2 Core\Src\e18_ms1_ipx.o
 .debug_loc     0x00000268      0xa8a Core\Src\flash.o
 .debug_loc     0x00000cf2      0x16c Core\Src\key.o
 .debug_loc     0x00000e5e      0x1c9 Core\Src\led.o
 .debug_loc     0x00001027      0x16f Core\Src\list.o
 .debug_loc     0x00001196       0x2c Core\Src\lock.o
 .debug_loc     0x000011c2       0x70 Core\Src\main.o
 .debug_loc     0x00001232      0x164 Core\Src\softtimer.o
 .debug_loc     0x00001396      0x2d1 Core\Src\squeue.o
 .debug_loc     0x00001667      0x127 Core\Src\system_stm32f0xx.o
 .debug_loc     0x0000178e      0x250 Core\Src\usart.o
 .debug_loc     0x000019de       0xfa Drivers\STM32F0xx_HAL_Driver\Src\stm32f0xx_hal.o
 .debug_loc     0x00001ad8      0x43b Drivers\STM32F0xx_HAL_Driver\Src\stm32f0xx_hal_cortex.o
 .debug_loc     0x00001f13      0x86d Drivers\STM32F0xx_HAL_Driver\Src\stm32f0xx_hal_dma.o
 .debug_loc     0x00002780      0x5d2 Drivers\STM32F0xx_HAL_Driver\Src\stm32f0xx_hal_flash.o
 .debug_loc     0x00002d52      0x592 Drivers\STM32F0xx_HAL_Driver\Src\stm32f0xx_hal_flash_ex.o
 .debug_loc     0x000032e4      0x46b Drivers\STM32F0xx_HAL_Driver\Src\stm32f0xx_hal_gpio.o
 .debug_loc     0x0000374f       0xa2 Drivers\STM32F0xx_HAL_Driver\Src\stm32f0xx_hal_iwdg.o
 .debug_loc     0x000037f1      0x5dc Drivers\STM32F0xx_HAL_Driver\Src\stm32f0xx_hal_rcc.o
 .debug_loc     0x00003dcd      0x28a Drivers\STM32F0xx_HAL_Driver\Src\stm32f0xx_hal_rcc_ex.o
 .debug_loc     0x00004057     0x1e4f Drivers\STM32F0xx_HAL_Driver\Src\stm32f0xx_hal_uart.o

.debug_aranges  0x00000000      0x9c8
 .debug_aranges
                0x00000000       0x40 Core\Src\beep.o
 .debug_aranges
                0x00000040       0x20 Core\Src\delay.o
 .debug_aranges
                0x00000060       0x28 Core\Src\e18_ms1_ipx.o
 .debug_aranges
                0x00000088       0x58 Core\Src\flash.o
 .debug_aranges
                0x000000e0       0x20 Core\Src\gpio.o
 .debug_aranges
                0x00000100       0x28 Core\Src\iwdg.o
 .debug_aranges
                0x00000128       0x30 Core\Src\key.o
 .debug_aranges
                0x00000158       0x38 Core\Src\key_user.o
 .debug_aranges
                0x00000190       0x40 Core\Src\led.o
 .debug_aranges
                0x000001d0       0x48 Core\Src\list.o
 .debug_aranges
                0x00000218       0x40 Core\Src\lock.o
 .debug_aranges
                0x00000258       0x38 Core\Src\main.o
 .debug_aranges
                0x00000290       0x30 Core\Src\power.o
 .debug_aranges
                0x000002c0       0x50 Core\Src\softtimer.o
 .debug_aranges
                0x00000310       0x50 Core\Src\squeue.o
 .debug_aranges
                0x00000360       0x20 Core\Src\stm32f0xx_hal_msp.o
 .debug_aranges
                0x00000380       0x40 Core\Src\stm32f0xx_it.o
 .debug_aranges
                0x000003c0       0x28 Core\Src\system_stm32f0xx.o
 .debug_aranges
                0x000003e8       0x58 Core\Src\usart.o
 .debug_aranges
                0x00000440       0xc8 Drivers\STM32F0xx_HAL_Driver\Src\stm32f0xx_hal.o
 .debug_aranges
                0x00000508       0x78 Drivers\STM32F0xx_HAL_Driver\Src\stm32f0xx_hal_cortex.o
 .debug_aranges
                0x00000580       0x78 Drivers\STM32F0xx_HAL_Driver\Src\stm32f0xx_hal_dma.o
 .debug_aranges
                0x000005f8       0x70 Drivers\STM32F0xx_HAL_Driver\Src\stm32f0xx_hal_flash.o
 .debug_aranges
                0x00000668       0x50 Drivers\STM32F0xx_HAL_Driver\Src\stm32f0xx_hal_flash_ex.o
 .debug_aranges
                0x000006b8       0x58 Drivers\STM32F0xx_HAL_Driver\Src\stm32f0xx_hal_gpio.o
 .debug_aranges
                0x00000710       0x28 Drivers\STM32F0xx_HAL_Driver\Src\stm32f0xx_hal_iwdg.o
 .debug_aranges
                0x00000738       0x80 Drivers\STM32F0xx_HAL_Driver\Src\stm32f0xx_hal_rcc.o
 .debug_aranges
                0x000007b8       0x30 Drivers\STM32F0xx_HAL_Driver\Src\stm32f0xx_hal_rcc_ex.o
 .debug_aranges
                0x000007e8      0x1b8 Drivers\STM32F0xx_HAL_Driver\Src\stm32f0xx_hal_uart.o
 .debug_aranges
                0x000009a0       0x28 startup\startup_stm32f030x6.o

.debug_ranges   0x00000000     0x1158
 .debug_ranges  0x00000000       0x30 Core\Src\beep.o
 .debug_ranges  0x00000030       0x10 Core\Src\delay.o
 .debug_ranges  0x00000040       0x18 Core\Src\e18_ms1_ipx.o
 .debug_ranges  0x00000058       0xe0 Core\Src\flash.o
 .debug_ranges  0x00000138       0x48 Core\Src\gpio.o
 .debug_ranges  0x00000180       0x18 Core\Src\iwdg.o
 .debug_ranges  0x00000198       0x20 Core\Src\key.o
 .debug_ranges  0x000001b8       0x28 Core\Src\key_user.o
 .debug_ranges  0x000001e0       0x30 Core\Src\led.o
 .debug_ranges  0x00000210       0x38 Core\Src\list.o
 .debug_ranges  0x00000248       0x30 Core\Src\lock.o
 .debug_ranges  0x00000278       0x28 Core\Src\main.o
 .debug_ranges  0x000002a0       0x20 Core\Src\power.o
 .debug_ranges  0x000002c0       0x58 Core\Src\softtimer.o
 .debug_ranges  0x00000318       0x68 Core\Src\squeue.o
 .debug_ranges  0x00000380       0x48 Core\Src\stm32f0xx_hal_msp.o
 .debug_ranges  0x000003c8       0x30 Core\Src\stm32f0xx_it.o
 .debug_ranges  0x000003f8       0x18 Core\Src\system_stm32f0xx.o
 .debug_ranges  0x00000410       0xb0 Core\Src\usart.o
 .debug_ranges  0x000004c0       0xb8 Drivers\STM32F0xx_HAL_Driver\Src\stm32f0xx_hal.o
 .debug_ranges  0x00000578       0xd0 Drivers\STM32F0xx_HAL_Driver\Src\stm32f0xx_hal_cortex.o
 .debug_ranges  0x00000648      0x108 Drivers\STM32F0xx_HAL_Driver\Src\stm32f0xx_hal_dma.o
 .debug_ranges  0x00000750      0x1a8 Drivers\STM32F0xx_HAL_Driver\Src\stm32f0xx_hal_flash.o
 .debug_ranges  0x000008f8      0x1a8 Drivers\STM32F0xx_HAL_Driver\Src\stm32f0xx_hal_flash_ex.o
 .debug_ranges  0x00000aa0       0x78 Drivers\STM32F0xx_HAL_Driver\Src\stm32f0xx_hal_gpio.o
 .debug_ranges  0x00000b18       0x18 Drivers\STM32F0xx_HAL_Driver\Src\stm32f0xx_hal_iwdg.o
 .debug_ranges  0x00000b30       0xe0 Drivers\STM32F0xx_HAL_Driver\Src\stm32f0xx_hal_rcc.o
 .debug_ranges  0x00000c10       0x38 Drivers\STM32F0xx_HAL_Driver\Src\stm32f0xx_hal_rcc_ex.o
 .debug_ranges  0x00000c48      0x4f0 Drivers\STM32F0xx_HAL_Driver\Src\stm32f0xx_hal_uart.o
 .debug_ranges  0x00001138       0x20 startup\startup_stm32f030x6.o

.debug_line     0x00000000     0x68a8
 .debug_line    0x00000000      0x263 Core\Src\beep.o
 .debug_line    0x00000263      0x1f9 Core\Src\delay.o
 .debug_line    0x0000045c      0x390 Core\Src\e18_ms1_ipx.o
 .debug_line    0x000007ec      0x474 Core\Src\flash.o
 .debug_line    0x00000c60      0x1ee Core\Src\gpio.o
 .debug_line    0x00000e4e      0x21b Core\Src\iwdg.o
 .debug_line    0x00001069      0x2b2 Core\Src\key.o
 .debug_line    0x0000131b      0x2fe Core\Src\key_user.o
 .debug_line    0x00001619      0x2c1 Core\Src\led.o
 .debug_line    0x000018da       0xe0 Core\Src\list.o
 .debug_line    0x000019ba      0x22a Core\Src\lock.o
 .debug_line    0x00001be4      0x446 Core\Src\main.o
 .debug_line    0x0000202a      0x206 Core\Src\power.o
 .debug_line    0x00002230      0x143 Core\Src\softtimer.o
 .debug_line    0x00002373      0x213 Core\Src\squeue.o
 .debug_line    0x00002586      0x1c7 Core\Src\stm32f0xx_hal_msp.o
 .debug_line    0x0000274d      0x359 Core\Src\stm32f0xx_it.o
 .debug_line    0x00002aa6      0x1eb Core\Src\system_stm32f0xx.o
 .debug_line    0x00002c91      0x42f Core\Src\usart.o
 .debug_line    0x000030c0      0x3f0 Drivers\STM32F0xx_HAL_Driver\Src\stm32f0xx_hal.o
 .debug_line    0x000034b0      0x399 Drivers\STM32F0xx_HAL_Driver\Src\stm32f0xx_hal_cortex.o
 .debug_line    0x00003849      0x525 Drivers\STM32F0xx_HAL_Driver\Src\stm32f0xx_hal_dma.o
 .debug_line    0x00003d6e      0x4c3 Drivers\STM32F0xx_HAL_Driver\Src\stm32f0xx_hal_flash.o
 .debug_line    0x00004231      0x497 Drivers\STM32F0xx_HAL_Driver\Src\stm32f0xx_hal_flash_ex.o
 .debug_line    0x000046c8      0x3a4 Drivers\STM32F0xx_HAL_Driver\Src\stm32f0xx_hal_gpio.o
 .debug_line    0x00004a6c      0x23f Drivers\STM32F0xx_HAL_Driver\Src\stm32f0xx_hal_iwdg.o
 .debug_line    0x00004cab      0x603 Drivers\STM32F0xx_HAL_Driver\Src\stm32f0xx_hal_rcc.o
 .debug_line    0x000052ae      0x308 Drivers\STM32F0xx_HAL_Driver\Src\stm32f0xx_hal_rcc_ex.o
 .debug_line    0x000055b6     0x1270 Drivers\STM32F0xx_HAL_Driver\Src\stm32f0xx_hal_uart.o
 .debug_line    0x00006826       0x82 startup\startup_stm32f030x6.o

.debug_str      0x00000000     0x3213
 .debug_str     0x00000000      0x361 Core\Src\beep.o
                                0x3c5 (size before relaxing)
 .debug_str     0x00000361       0x8a Core\Src\delay.o
                                0x304 (size before relaxing)
 .debug_str     0x000003eb      0x932 Core\Src\e18_ms1_ipx.o
                                0xc70 (size before relaxing)
 .debug_str     0x00000d1d      0x1cb Core\Src\flash.o
                                0x897 (size before relaxing)
 .debug_str     0x00000ee8       0xbe Core\Src\gpio.o
                                0x397 (size before relaxing)
 .debug_str     0x00000fa6       0xab Core\Src\iwdg.o
                                0x338 (size before relaxing)
 .debug_str     0x00001051      0x125 Core\Src\key.o
                                0x3f2 (size before relaxing)
 .debug_str     0x00001176       0x72 Core\Src\key_user.o
                                0xbb7 (size before relaxing)
 .debug_str     0x000011e8       0xff Core\Src\led.o
                                0x42b (size before relaxing)
 .debug_str     0x000012e7       0x9b Core\Src\list.o
                                0x243 (size before relaxing)
 .debug_str     0x00001382       0x59 Core\Src\lock.o
                                0x364 (size before relaxing)
 .debug_str     0x000013db      0x455 Core\Src\main.o
                               0x1084 (size before relaxing)
 .debug_str     0x00001830       0x31 Core\Src\power.o
                                0x312 (size before relaxing)
 .debug_str     0x00001861       0x92 Core\Src\softtimer.o
                                0x2eb (size before relaxing)
 .debug_str     0x000018f3       0x3a Core\Src\squeue.o
                                0x673 (size before relaxing)
 .debug_str     0x0000192d       0x2c Core\Src\stm32f0xx_hal_msp.o
                                0x2df (size before relaxing)
 .debug_str     0x00001959       0xc6 Core\Src\stm32f0xx_it.o
                                0xc4e (size before relaxing)
 .debug_str     0x00001a1f       0x5f Core\Src\system_stm32f0xx.o
                                0x30b (size before relaxing)
 .debug_str     0x00001a7e      0x22a Core\Src\usart.o
                                0xe22 (size before relaxing)
 .debug_str     0x00001ca8      0x213 Drivers\STM32F0xx_HAL_Driver\Src\stm32f0xx_hal.o
                                0x6ac (size before relaxing)
 .debug_str     0x00001ebb      0x224 Drivers\STM32F0xx_HAL_Driver\Src\stm32f0xx_hal_cortex.o
                                0x696 (size before relaxing)
 .debug_str     0x000020df      0x24d Drivers\STM32F0xx_HAL_Driver\Src\stm32f0xx_hal_dma.o
                                0x6ef (size before relaxing)
 .debug_str     0x0000232c      0x23e Drivers\STM32F0xx_HAL_Driver\Src\stm32f0xx_hal_flash.o
                                0x5e2 (size before relaxing)
 .debug_str     0x0000256a      0x23c Drivers\STM32F0xx_HAL_Driver\Src\stm32f0xx_hal_flash_ex.o
                                0x6cf (size before relaxing)
 .debug_str     0x000027a6       0xdf Drivers\STM32F0xx_HAL_Driver\Src\stm32f0xx_hal_gpio.o
                                0x4da (size before relaxing)
 .debug_str     0x00002885       0x39 Drivers\STM32F0xx_HAL_Driver\Src\stm32f0xx_hal_iwdg.o
                                0x361 (size before relaxing)
 .debug_str     0x000028be      0x1cb Drivers\STM32F0xx_HAL_Driver\Src\stm32f0xx_hal_rcc.o
                                0x6e4 (size before relaxing)
 .debug_str     0x00002a89       0x97 Drivers\STM32F0xx_HAL_Driver\Src\stm32f0xx_hal_rcc_ex.o
                                0x480 (size before relaxing)
 .debug_str     0x00002b20      0x6f3 Drivers\STM32F0xx_HAL_Driver\Src\stm32f0xx_hal_uart.o
                                0xefd (size before relaxing)

.comment        0x00000000       0x7c
 .comment       0x00000000       0x7c Core\Src\beep.o
                                 0x7d (size before relaxing)
 .comment       0x0000007c       0x7d Core\Src\delay.o
 .comment       0x0000007c       0x7d Core\Src\e18_ms1_ipx.o
 .comment       0x0000007c       0x7d Core\Src\flash.o
 .comment       0x0000007c       0x7d Core\Src\gpio.o
 .comment       0x0000007c       0x7d Core\Src\iwdg.o
 .comment       0x0000007c       0x7d Core\Src\key.o
 .comment       0x0000007c       0x7d Core\Src\key_user.o
 .comment       0x0000007c       0x7d Core\Src\led.o
 .comment       0x0000007c       0x7d Core\Src\list.o
 .comment       0x0000007c       0x7d Core\Src\lock.o
 .comment       0x0000007c       0x7d Core\Src\main.o
 .comment       0x0000007c       0x7d Core\Src\power.o
 .comment       0x0000007c       0x7d Core\Src\softtimer.o
 .comment       0x0000007c       0x7d Core\Src\squeue.o
 .comment       0x0000007c       0x7d Core\Src\stm32f0xx_hal_msp.o
 .comment       0x0000007c       0x7d Core\Src\stm32f0xx_it.o
 .comment       0x0000007c       0x7d Core\Src\system_stm32f0xx.o
 .comment       0x0000007c       0x7d Core\Src\usart.o
 .comment       0x0000007c       0x7d Drivers\STM32F0xx_HAL_Driver\Src\stm32f0xx_hal.o
 .comment       0x0000007c       0x7d Drivers\STM32F0xx_HAL_Driver\Src\stm32f0xx_hal_cortex.o
 .comment       0x0000007c       0x7d Drivers\STM32F0xx_HAL_Driver\Src\stm32f0xx_hal_dma.o
 .comment       0x0000007c       0x7d Drivers\STM32F0xx_HAL_Driver\Src\stm32f0xx_hal_flash.o
 .comment       0x0000007c       0x7d Drivers\STM32F0xx_HAL_Driver\Src\stm32f0xx_hal_flash_ex.o
 .comment       0x0000007c       0x7d Drivers\STM32F0xx_HAL_Driver\Src\stm32f0xx_hal_gpio.o
 .comment       0x0000007c       0x7d Drivers\STM32F0xx_HAL_Driver\Src\stm32f0xx_hal_iwdg.o
 .comment       0x0000007c       0x7d Drivers\STM32F0xx_HAL_Driver\Src\stm32f0xx_hal_rcc.o
 .comment       0x0000007c       0x7d Drivers\STM32F0xx_HAL_Driver\Src\stm32f0xx_hal_rcc_ex.o
 .comment       0x0000007c       0x7d Drivers\STM32F0xx_HAL_Driver\Src\stm32f0xx_hal_uart.o

.debug_frame    0x00000000     0x17fc
 .debug_frame   0x00000000       0x78 Core\Src\beep.o
 .debug_frame   0x00000078       0x28 Core\Src\delay.o
 .debug_frame   0x000000a0       0x4c Core\Src\e18_ms1_ipx.o
 .debug_frame   0x000000ec       0xfc Core\Src\flash.o
 .debug_frame   0x000001e8       0x30 Core\Src\gpio.o
 .debug_frame   0x00000218       0x40 Core\Src\iwdg.o
 .debug_frame   0x00000258       0x64 Core\Src\key.o
 .debug_frame   0x000002bc       0x80 Core\Src\key_user.o
 .debug_frame   0x0000033c       0x78 Core\Src\led.o
 .debug_frame   0x000003b4       0x70 Core\Src\list.o
 .debug_frame   0x00000424       0x80 Core\Src\lock.o
 .debug_frame   0x000004a4       0x7c Core\Src\main.o
 .debug_frame   0x00000520       0x54 Core\Src\power.o
 .debug_frame   0x00000574       0xbc Core\Src\softtimer.o
 .debug_frame   0x00000630       0xbc Core\Src\squeue.o
 .debug_frame   0x000006ec       0x24 Core\Src\stm32f0xx_hal_msp.o
 .debug_frame   0x00000710       0x84 Core\Src\stm32f0xx_it.o
 .debug_frame   0x00000794       0x38 Core\Src\system_stm32f0xx.o
 .debug_frame   0x000007cc       0xe0 Core\Src\usart.o
 .debug_frame   0x000008ac      0x1b0 Drivers\STM32F0xx_HAL_Driver\Src\stm32f0xx_hal.o
 .debug_frame   0x00000a5c       0xe4 Drivers\STM32F0xx_HAL_Driver\Src\stm32f0xx_hal_cortex.o
 .debug_frame   0x00000b40      0x15c Drivers\STM32F0xx_HAL_Driver\Src\stm32f0xx_hal_dma.o
 .debug_frame   0x00000c9c      0x12c Drivers\STM32F0xx_HAL_Driver\Src\stm32f0xx_hal_flash.o
 .debug_frame   0x00000dc8       0xcc Drivers\STM32F0xx_HAL_Driver\Src\stm32f0xx_hal_flash_ex.o
 .debug_frame   0x00000e94       0xd4 Drivers\STM32F0xx_HAL_Driver\Src\stm32f0xx_hal_gpio.o
 .debug_frame   0x00000f68       0x3c Drivers\STM32F0xx_HAL_Driver\Src\stm32f0xx_hal_iwdg.o
 .debug_frame   0x00000fa4      0x150 Drivers\STM32F0xx_HAL_Driver\Src\stm32f0xx_hal_rcc.o
 .debug_frame   0x000010f4       0x60 Drivers\STM32F0xx_HAL_Driver\Src\stm32f0xx_hal_rcc_ex.o
 .debug_frame   0x00001154      0x614 Drivers\STM32F0xx_HAL_Driver\Src\stm32f0xx_hal_uart.o
 .debug_frame   0x00001768       0x2c d:/program files (x86)/atollic/truestudio for stm32 9.3.0/armtools/bin/../lib/gcc/arm-atollic-eabi/6.3.1/../../../../arm-atollic-eabi/lib/armv6-m\libc_nano.a(lib_a-init.o)
 .debug_frame   0x00001794       0x28 d:/program files (x86)/atollic/truestudio for stm32 9.3.0/armtools/bin/../lib/gcc/arm-atollic-eabi/6.3.1/../../../../arm-atollic-eabi/lib/armv6-m\libc_nano.a(lib_a-memcpy-stub.o)
 .debug_frame   0x000017bc       0x20 d:/program files (x86)/atollic/truestudio for stm32 9.3.0/armtools/bin/../lib/gcc/arm-atollic-eabi/6.3.1/../../../../arm-atollic-eabi/lib/armv6-m\libc_nano.a(lib_a-memset.o)
 .debug_frame   0x000017dc       0x20 d:/program files (x86)/atollic/truestudio for stm32 9.3.0/armtools/bin/../lib/gcc/arm-atollic-eabi/6.3.1/armv6-m\libgcc.a(_udivsi3.o)
