stm32f0xx_ll_rcc.h:690:22:LL_RCC_HSE_EnableBypass	8	static
stm32f0xx_ll_rcc.h:700:22:LL_RCC_HSE_DisableBypass	8	static
stm32f0xx_ll_rcc.h:710:22:LL_RCC_HSE_Enable	8	static
stm32f0xx_ll_rcc.h:730:26:LL_RCC_HSE_IsReady	8	static
stm32f0xx_ll_rcc.h:748:22:LL_RCC_HSI_Enable	8	static
stm32f0xx_ll_rcc.h:768:26:LL_RCC_HSI_IsReady	8	static
stm32f0xx_ll_rcc.h:1100:22:LL_RCC_SetSysClkSource	16	static
stm32f0xx_ll_rcc.h:1116:26:LL_RCC_GetSysClkSource	8	static
stm32f0xx_ll_rcc.h:1136:22:LL_RCC_SetAHBPrescaler	16	static
stm32f0xx_ll_rcc.h:1152:22:LL_RCC_SetAPB1Prescaler	16	static
stm32f0xx_ll_rcc.h:1171:26:LL_RCC_GetAHBPrescaler	8	static
stm32f0xx_ll_rcc.h:1507:22:LL_RCC_PLL_Enable	8	static
stm32f0xx_ll_rcc.h:1528:26:LL_RCC_PLL_IsReady	8	static
stm32f0xx_ll_rcc.h:1629:22:LL_RCC_PLL_ConfigDomain_SYS	16	static
stm32f0xx_ll_utils.h:219:22:LL_InitTick	24	static
stm32f0xx_ll_system.h:1779:22:LL_FLASH_SetLatency	16	static
stm32f0xx_ll_system.h:1791:26:LL_FLASH_GetLatency	8	static
stm32f0xx_ll_utils.c:142:6:LL_Init1msTick	16	static
stm32f0xx_ll_utils.c:158:6:LL_mDelay	24	static
stm32f0xx_ll_utils.c:214:6:LL_SetSystemCoreClock	16	static
stm32f0xx_ll_utils.c:229:13:LL_SetFlashLatency	32	static
stm32f0xx_ll_utils.c:299:13:LL_PLL_ConfigSystemClock_HSI	32	static
stm32f0xx_ll_utils.c:424:13:LL_PLL_ConfigSystemClock_HSE	40	static
stm32f0xx_ll_utils.c:505:17:UTILS_GetPLLOutputFrequency	24	static
stm32f0xx_ll_utils.c:531:20:UTILS_PLL_IsBusy	16	static
stm32f0xx_ll_utils.c:554:20:UTILS_EnablePLLAndSwitchSystem	32	static
