Archive member included to satisfy reference by file (symbol)

d:/program files (x86)/atollic/truestudio for stm32 9.3.0/armtools/bin/../lib/gcc/arm-atollic-eabi/6.3.1/../../../../arm-atollic-eabi/lib/armv6-m\libc_nano.a(lib_a-errno.o)
                              Core\Src\syscalls.o (__errno)
d:/program files (x86)/atollic/truestudio for stm32 9.3.0/armtools/bin/../lib/gcc/arm-atollic-eabi/6.3.1/../../../../arm-atollic-eabi/lib/armv6-m\libc_nano.a(lib_a-impure.o)
                              d:/program files (x86)/atollic/truestudio for stm32 9.3.0/armtools/bin/../lib/gcc/arm-atollic-eabi/6.3.1/../../../../arm-atollic-eabi/lib/armv6-m\libc_nano.a(lib_a-errno.o) (_impure_ptr)
d:/program files (x86)/atollic/truestudio for stm32 9.3.0/armtools/bin/../lib/gcc/arm-atollic-eabi/6.3.1/../../../../arm-atollic-eabi/lib/armv6-m\libc_nano.a(lib_a-init.o)
                              startup\startup_stm32f030x6.o (__libc_init_array)
d:/program files (x86)/atollic/truestudio for stm32 9.3.0/armtools/bin/../lib/gcc/arm-atollic-eabi/6.3.1/../../../../arm-atollic-eabi/lib/armv6-m\libc_nano.a(lib_a-memcpy-stub.o)
                              Core\Src\e18_ms1_ipx.o (memcpy)
d:/program files (x86)/atollic/truestudio for stm32 9.3.0/armtools/bin/../lib/gcc/arm-atollic-eabi/6.3.1/../../../../arm-atollic-eabi/lib/armv6-m\libc_nano.a(lib_a-memset.o)
                              Core\Src\flash.o (memset)
d:/program files (x86)/atollic/truestudio for stm32 9.3.0/armtools/bin/../lib/gcc/arm-atollic-eabi/6.3.1/../../../../arm-atollic-eabi/lib/armv6-m\libc_nano.a(lib_a-printf.o)
                              Core\Src\rtc.o (printf)
d:/program files (x86)/atollic/truestudio for stm32 9.3.0/armtools/bin/../lib/gcc/arm-atollic-eabi/6.3.1/../../../../arm-atollic-eabi/lib/armv6-m\libc_nano.a(lib_a-strlen.o)
                              Core\Src\usart.o (strlen)
d:/program files (x86)/atollic/truestudio for stm32 9.3.0/armtools/bin/../lib/gcc/arm-atollic-eabi/6.3.1/../../../../arm-atollic-eabi/lib/armv6-m\libc_nano.a(lib_a-findfp.o)
                              d:/program files (x86)/atollic/truestudio for stm32 9.3.0/armtools/bin/../lib/gcc/arm-atollic-eabi/6.3.1/../../../../arm-atollic-eabi/lib/armv6-m\libc_nano.a(lib_a-printf.o) (__sinit)
d:/program files (x86)/atollic/truestudio for stm32 9.3.0/armtools/bin/../lib/gcc/arm-atollic-eabi/6.3.1/../../../../arm-atollic-eabi/lib/armv6-m\libc_nano.a(lib_a-fwalk.o)
                              d:/program files (x86)/atollic/truestudio for stm32 9.3.0/armtools/bin/../lib/gcc/arm-atollic-eabi/6.3.1/../../../../arm-atollic-eabi/lib/armv6-m\libc_nano.a(lib_a-findfp.o) (_fwalk)
d:/program files (x86)/atollic/truestudio for stm32 9.3.0/armtools/bin/../lib/gcc/arm-atollic-eabi/6.3.1/../../../../arm-atollic-eabi/lib/armv6-m\libc_nano.a(lib_a-nano-mallocr.o)
                              d:/program files (x86)/atollic/truestudio for stm32 9.3.0/armtools/bin/../lib/gcc/arm-atollic-eabi/6.3.1/../../../../arm-atollic-eabi/lib/armv6-m\libc_nano.a(lib_a-findfp.o) (_malloc_r)
d:/program files (x86)/atollic/truestudio for stm32 9.3.0/armtools/bin/../lib/gcc/arm-atollic-eabi/6.3.1/../../../../arm-atollic-eabi/lib/armv6-m\libc_nano.a(lib_a-nano-vfprintf.o)
                              d:/program files (x86)/atollic/truestudio for stm32 9.3.0/armtools/bin/../lib/gcc/arm-atollic-eabi/6.3.1/../../../../arm-atollic-eabi/lib/armv6-m\libc_nano.a(lib_a-printf.o) (_vfprintf_r)
d:/program files (x86)/atollic/truestudio for stm32 9.3.0/armtools/bin/../lib/gcc/arm-atollic-eabi/6.3.1/../../../../arm-atollic-eabi/lib/armv6-m\libc_nano.a(lib_a-nano-vfprintf_i.o)
                              d:/program files (x86)/atollic/truestudio for stm32 9.3.0/armtools/bin/../lib/gcc/arm-atollic-eabi/6.3.1/../../../../arm-atollic-eabi/lib/armv6-m\libc_nano.a(lib_a-nano-vfprintf.o) (_printf_i)
d:/program files (x86)/atollic/truestudio for stm32 9.3.0/armtools/bin/../lib/gcc/arm-atollic-eabi/6.3.1/../../../../arm-atollic-eabi/lib/armv6-m\libc_nano.a(lib_a-sbrkr.o)
                              d:/program files (x86)/atollic/truestudio for stm32 9.3.0/armtools/bin/../lib/gcc/arm-atollic-eabi/6.3.1/../../../../arm-atollic-eabi/lib/armv6-m\libc_nano.a(lib_a-nano-mallocr.o) (_sbrk_r)
d:/program files (x86)/atollic/truestudio for stm32 9.3.0/armtools/bin/../lib/gcc/arm-atollic-eabi/6.3.1/../../../../arm-atollic-eabi/lib/armv6-m\libc_nano.a(lib_a-stdio.o)
                              d:/program files (x86)/atollic/truestudio for stm32 9.3.0/armtools/bin/../lib/gcc/arm-atollic-eabi/6.3.1/../../../../arm-atollic-eabi/lib/armv6-m\libc_nano.a(lib_a-findfp.o) (__sread)
d:/program files (x86)/atollic/truestudio for stm32 9.3.0/armtools/bin/../lib/gcc/arm-atollic-eabi/6.3.1/../../../../arm-atollic-eabi/lib/armv6-m\libc_nano.a(lib_a-wbuf.o)
[...]
Memory Configuration

Name             Origin             Length             Attributes
RAM              0x20000000         0x00001000         xrw
FLASH            0x08000000         0x00004000         xr
*default*        0x00000000         0xffffffff

Linker script and memory map

LOAD d:/program files (x86)/atollic/truestudio for stm32 9.3.0/armtools/bin/../lib/gcc/arm-atollic-eabi/6.3.1/armv6-m/crti.o
LOAD d:/program files (x86)/atollic/truestudio for stm32 9.3.0/armtools/bin/../lib/gcc/arm-atollic-eabi/6.3.1/armv6-m/crtbegin.o
LOAD Core\Src\beep.o
LOAD Core\Src\delay.o
LOAD Core\Src\e18_ms1_ipx.o
LOAD Core\Src\flash.o
LOAD Core\Src\gpio.o
LOAD Core\Src\iwdg.o
LOAD Core\Src\key.o
LOAD Core\Src\key_user.o
LOAD Core\Src\led.o
LOAD Core\Src\list.o
LOAD Core\Src\main.o
LOAD Core\Src\power.o
LOAD Core\Src\rtc.o
LOAD Core\Src\softtimer.o
LOAD Core\Src\squeue.o
LOAD Core\Src\stm32f0xx_hal_msp.o
LOAD Core\Src\stm32f0xx_it.o
LOAD Core\Src\syscalls.o
LOAD Core\Src\system_stm32f0xx.o
LOAD Core\Src\usart.o
LOAD Drivers\STM32F0xx_HAL_Driver\Src\stm32f0xx_hal.o
LOAD Drivers\STM32F0xx_HAL_Driver\Src\stm32f0xx_hal_cortex.o
LOAD Drivers\STM32F0xx_HAL_Driver\Src\stm32f0xx_hal_dma.o
LOAD Drivers\STM32F0xx_HAL_Driver\Src\stm32f0xx_hal_exti.o
LOAD Drivers\STM32F0xx_HAL_Driver\Src\stm32f0xx_hal_flash.o
LOAD Drivers\STM32F0xx_HAL_Driver\Src\stm32f0xx_hal_flash_ex.o
LOAD Drivers\STM32F0xx_HAL_Driver\Src\stm32f0xx_hal_gpio.o
LOAD Drivers\STM32F0xx_HAL_Driver\Src\stm32f0xx_hal_i2c.o
LOAD Drivers\STM32F0xx_HAL_Driver\Src\stm32f0xx_hal_i2c_ex.o
LOAD Drivers\STM32F0xx_HAL_Driver\Src\stm32f0xx_hal_iwdg.o
LOAD Drivers\STM32F0xx_HAL_Driver\Src\stm32f0xx_hal_pwr.o
LOAD Drivers\STM32F0xx_HAL_Driver\Src\stm32f0xx_hal_pwr_ex.o
LOAD Drivers\STM32F0xx_HAL_Driver\Src\stm32f0xx_hal_rcc.o
LOAD Drivers\STM32F0xx_HAL_Driver\Src\stm32f0xx_hal_rcc_ex.o
LOAD Drivers\STM32F0xx_HAL_Driver\Src\stm32f0xx_hal_rtc.o
LOAD Drivers\STM32F0xx_HAL_Driver\Src\stm32f0xx_hal_rtc_ex.o
LOAD Drivers\STM32F0xx_HAL_Driver\Src\stm32f0xx_hal_tim.o
LOAD Drivers\STM32F0xx_HAL_Driver\Src\stm32f0xx_hal_tim_ex.o
LOAD Drivers\STM32F0xx_HAL_Driver\Src\stm32f0xx_hal_uart.o
LOAD Drivers\STM32F0xx_HAL_Driver\Src\stm32f0xx_hal_uart_ex.o
LOAD startup\startup_stm32f030x6.o
                0x00000080                malloc_getpagesize_P = 0x80
START GROUP
LOAD d:/program files (x86)/atollic/truestudio for stm32 9.3.0/armtools/bin/../lib/gcc/arm-atollic-eabi/6.3.1/../../../../arm-atollic-eabi/lib/armv6-m\libc_nano.a
LOAD d:/program files (x86)/atollic/truestudio for stm32 9.3.0/armtools/bin/../lib/gcc/arm-atollic-eabi/6.3.1/../../../../arm-atollic-eabi/lib/armv6-m\libm.a
END GROUP
START GROUP
LOAD d:/program files (x86)/atollic/truestudio for stm32 9.3.0/armtools/bin/../lib/gcc/arm-atollic-eabi/6.3.1/armv6-m\libgcc.a
LOAD d:/program files (x86)/atollic/truestudio for stm32 9.3.0/armtools/bin/../lib/gcc/arm-atollic-eabi/6.3.1/../../../../arm-atollic-eabi/lib/armv6-m\libc_nano.a
END GROUP
START GROUP
LOAD d:/program files (x86)/atollic/truestudio for stm32 9.3.0/armtools/bin/../lib/gcc/arm-atollic-eabi/6.3.1/armv6-m\libgcc.a
LOAD d:/program files (x86)/atollic/truestudio for stm32 9.3.0/armtools/bin/../lib/gcc/arm-atollic-eabi/6.3.1/../../../../arm-atollic-eabi/lib/armv6-m\libc_nano.a
LOAD d:/program files (x86)/atollic/truestudio for stm32 9.3.0/armtools/bin/../lib/gcc/arm-atollic-eabi/6.3.1/../../../../arm-atollic-eabi/lib/armv6-m\libnosys.a
END GROUP
START GROUP
LOAD d:/program files (x86)/atollic/truestudio for stm32 9.3.0/armtools/bin/../lib/gcc/arm-atollic-eabi/6.3.1/armv6-m\libgcc.a
LOAD d:/program files (x86)/atollic/truestudio for stm32 9.3.0/armtools/bin/../lib/gcc/arm-atollic-eabi/6.3.1/../../../../arm-atollic-eabi/lib/armv6-m\libc_nano.a
LOAD d:/program files (x86)/atollic/truestudio for stm32 9.3.0/armtools/bin/../lib/gcc/arm-atollic-eabi/6.3.1/../../../../arm-atollic-eabi/lib/armv6-m\libnosys.a
END GROUP
LOAD d:/program files (x86)/atollic/truestudio for stm32 9.3.0/armtools/bin/../lib/gcc/arm-atollic-eabi/6.3.1/armv6-m/crtend.o
LOAD d:/program files (x86)/atollic/truestudio for stm32 9.3.0/armtools/bin/../lib/gcc/arm-atollic-eabi/6.3.1/armv6-m/crtn.o
                0x20001000                _estack = 0x20001000
                0x00000200                _Min_Heap_Size = 0x200
                0x00000400                _Min_Stack_Size = 0x400

.isr_vector     0x08000000       0xc0
                0x08000000                . = ALIGN (0x4)
 *(.isr_vector)
 .isr_vector    0x08000000       0xc0 startup\startup_stm32f030x6.o
                0x08000000                g_pfnVectors
                0x080000c0                . = ALIGN (0x4)

.text           0x080000c0     0x26c8
                0x080000c0                . = ALIGN (0x4)
 *(.text)
 .text          0x080000c0       0x48 d:/program files (x86)/atollic/truestudio for stm32 9.3.0/armtools/bin/../lib/gcc/arm-atollic-eabi/6.3.1/armv6-m/crtbegin.o
 .text          0x08000108      0x114 d:/program files (x86)/atollic/truestudio for stm32 9.3.0/armtools/bin/../lib/gcc/arm-atollic-eabi/6.3.1/armv6-m\libgcc.a(_udivsi3.o)
                0x08000108                __aeabi_uidiv
                0x08000108                __udivsi3
                0x08000214                __aeabi_uidivmod
 .text          0x0800021c        0x4 d:/program files (x86)/atollic/truestudio for stm32 9.3.0/armtools/bin/../lib/gcc/arm-atollic-eabi/6.3.1/armv6-m\libgcc.a(_dvmd_tls.o)
                0x0800021c                __aeabi_idiv0
                0x0800021c                __aeabi_ldiv0
 *(.text*)
 .text.beep_oscillation
                0x08000220       0x44 Core\Src\beep.o
                0x08000220                beep_oscillation
 .text.beep_oscillation_cnt
                0x08000264       0x74 Core\Src\beep.o
                0x08000264                beep_oscillation_cnt
 .text.beep_oscillation_clear
                0x080002d8       0x44 Core\Src\beep.o
                0x080002d8                beep_oscillation_clear
 .text.HAL_SYSTICK_Callback
                0x0800031c       0x20 Core\Src\delay.o
                0x0800031c                HAL_SYSTICK_Callback
 .text.e18_ms1_ipx_init
                0x0800033c       0xdc Core\Src\e18_ms1_ipx.o
                0x0800033c                e18_ms1_ipx_init
 .text.e18_ms1_ipx_send_overtime_cnt
                0x08000418       0x3c Core\Src\e18_ms1_ipx.o
                0x08000418                e18_ms1_ipx_send_overtime_cnt
 .text.e18_ms1_ipx_overtime_alarm
                0x08000454       0x54 Core\Src\e18_ms1_ipx.o
                0x08000454                e18_ms1_ipx_overtime_alarm
 .text.e18_ms1_ipx_protocol_handle
                0x080004a8       0x94 Core\Src\e18_ms1_ipx.o
                0x080004a8                e18_ms1_ipx_protocol_handle
 .text.FLASH_IRQHandler
                0x0800053c        0x8 Core\Src\flash.o
                0x0800053c                FLASH_IRQHandler
 .text.MX_GPIO_Init
                0x08000544       0x70 Core\Src\gpio.o
                0x08000544                MX_GPIO_Init
 .text.MX_IWDG_Init
                0x080005b4       0x2c Core\Src\iwdg.o
                0x080005b4                MX_IWDG_Init
 .text.iwdg_feed
                0x080005e0       0x10 Core\Src\iwdg.o
                0x080005e0                iwdg_feed
 .text.load_key_tbl
                0x080005f0       0x60 Core\Src\key.o
                0x080005f0                load_key_tbl
 .text.key_scan
                0x08000650      0x150 Core\Src\key.o
                0x08000650                key_scan
 .text.key_handler
                0x080007a0       0xb0 Core\Src\key.o
                0x080007a0                key_handler
 .text.key_light_retrig_cb
                0x08000850        0x4 Core\Src\key_user.o
                0x08000850                key_light_retrig_cb
 .text.key_lock_press_cb
                0x08000854       0x18 Core\Src\key_user.o
                0x08000854                key_lock_press_cb
 .text.key_light_press_cb
                0x0800086c       0x18 Core\Src\key_user.o
                0x0800086c                key_light_press_cb
 .text.key_light_release_cb
                0x08000884        0x4 Core\Src\key_user.o
                0x08000884                key_light_release_cb
 .text.key_lock_long_cb
                0x08000888        0x4 Core\Src\key_user.o
                0x08000888                key_lock_long_cb
 .text.key_lock_release_cb
                0x0800088c        0x4 Core\Src\key_user.o
                0x0800088c                key_lock_release_cb
 .text.key_lock_retrig_cb
                0x08000890        0x4 Core\Src\key_user.o
                0x08000890                key_lock_retrig_cb
 .text.key_light_long_cb
                0x08000894        0x4 Core\Src\key_user.o
                0x08000894                key_light_long_cb
 .text.key_gpio_config
                0x08000898        0x4 Core\Src\key_user.o
                0x08000898                key_gpio_config
 .text.key_init
                0x0800089c       0x18 Core\Src\key_user.o
                0x0800089c                key_init
 .text.led_blink
                0x080008b4       0x7c Core\Src\led.o
                0x080008b4                led_blink
 .text.led_blink_cnt
                0x08000930       0xd8 Core\Src\led.o
                0x08000930                led_blink_cnt
 .text.led_blink_clear
                0x08000a08       0x84 Core\Src\led.o
                0x08000a08                led_blink_clear
 .text.list_init
                0x08000a8c        0x8 Core\Src\list.o
                0x08000a8c                list_init
 .text.list_insert_tail
                0x08000a94        0xc Core\Src\list.o
                0x08000a94                list_insert_tail
 .text.on_tick  0x08000aa0       0x70 Core\Src\main.o
                0x08000aa0                on_tick
 .text.SystemClock_Config
                0x08000b10       0x70 Core\Src\main.o
                0x08000b10                SystemClock_Config
 .text.startup.main
                0x08000b80       0x74 Core\Src\main.o
                0x08000b80                main
 .text.Error_Handler
                0x08000bf4        0x4 Core\Src\main.o
                0x08000bf4                Error_Handler
 .text.power_init
                0x08000bf8       0x24 Core\Src\power.o
                0x08000bf8                power_init
 .text.power_ac_state_cnt
                0x08000c1c       0x54 Core\Src\power.o
                0x08000c1c                power_ac_state_cnt
 .text.timer_init
                0x08000c70       0x10 Core\Src\softtimer.o
                0x08000c70                timer_init
 .text.timer_arm
                0x08000c80       0x20 Core\Src\softtimer.o
                0x08000c80                timer_arm
 .text.timer_start
                0x08000ca0        0xc Core\Src\softtimer.o
                0x08000ca0                timer_start
 .text.timer_stop
                0x08000cac       0x10 Core\Src\softtimer.o
                0x08000cac                timer_stop
 .text.timer_exec
                0x08000cbc       0x40 Core\Src\softtimer.o
                0x08000cbc                timer_exec
 .text.timer_service
                0x08000cfc       0x60 Core\Src\softtimer.o
                0x08000cfc                timer_service
 .text.init_queue
                0x08000d5c       0x1c Core\Src\squeue.o
                0x08000d5c                init_queue
 .text.enqueue  0x08000d78       0x24 Core\Src\squeue.o
                0x08000d78                enqueue
 .text.dequeue  0x08000d9c       0x20 Core\Src\squeue.o
                0x08000d9c                dequeue
 .text.length   0x08000dbc       0x18 Core\Src\squeue.o
                0x08000dbc                length
 .text.HAL_MspInit
                0x08000dd4       0x30 Core\Src\stm32f0xx_hal_msp.o
                0x08000dd4                HAL_MspInit
 .text.NMI_Handler
                0x08000e04        0x4 Core\Src\stm32f0xx_it.o
                0x08000e04                NMI_Handler
 .text.HardFault_Handler
                0x08000e08        0x4 Core\Src\stm32f0xx_it.o
                0x08000e08                HardFault_Handler
 .text.SVC_Handler
                0x08000e0c        0x4 Core\Src\stm32f0xx_it.o
                0x08000e0c                SVC_Handler
 .text.PendSV_Handler
                0x08000e10        0x4 Core\Src\stm32f0xx_it.o
                0x08000e10                PendSV_Handler
 .text.SysTick_Handler
                0x08000e14        0xc Core\Src\stm32f0xx_it.o
                0x08000e14                SysTick_Handler
 .text.USART1_IRQHandler
                0x08000e20       0x4c Core\Src\stm32f0xx_it.o
                0x08000e20                USART1_IRQHandler
 .text.SystemInit
                0x08000e6c        0x4 Core\Src\system_stm32f0xx.o
                0x08000e6c                SystemInit
 .text.usart1_init
                0x08000e70       0x38 Core\Src\usart.o
                0x08000e70                usart1_init
 .text.usart1_send_data
                0x08000ea8       0x18 Core\Src\usart.o
                0x08000ea8                usart1_send_data
 .text.usart1_receive_data
                0x08000ec0       0x24 Core\Src\usart.o
                0x08000ec0                usart1_receive_data
 .text.HAL_UART_MspInit
                0x08000ee4       0x78 Core\Src\usart.o
                0x08000ee4                HAL_UART_MspInit
 .text.HAL_InitTick
                0x08000f5c       0x4c Drivers\STM32F0xx_HAL_Driver\Src\stm32f0xx_hal.o
                0x08000f5c                HAL_InitTick
 .text.HAL_Init
                0x08000fa8       0x20 Drivers\STM32F0xx_HAL_Driver\Src\stm32f0xx_hal.o
                0x08000fa8                HAL_Init
 .text.HAL_IncTick
                0x08000fc8       0x18 Drivers\STM32F0xx_HAL_Driver\Src\stm32f0xx_hal.o
                0x08000fc8                HAL_IncTick
 .text.HAL_GetTick
                0x08000fe0        0xc Drivers\STM32F0xx_HAL_Driver\Src\stm32f0xx_hal.o
                0x08000fe0                HAL_GetTick
 .text.HAL_Delay
                0x08000fec       0x24 Drivers\STM32F0xx_HAL_Driver\Src\stm32f0xx_hal.o
                0x08000fec                HAL_Delay
 .text.HAL_NVIC_SetPriority
                0x08001010       0x64 Drivers\STM32F0xx_HAL_Driver\Src\stm32f0xx_hal_cortex.o
                0x08001010                HAL_NVIC_SetPriority
 .text.HAL_NVIC_EnableIRQ
                0x08001074       0x18 Drivers\STM32F0xx_HAL_Driver\Src\stm32f0xx_hal_cortex.o
                0x08001074                HAL_NVIC_EnableIRQ
 .text.HAL_SYSTICK_Config
                0x0800108c       0x38 Drivers\STM32F0xx_HAL_Driver\Src\stm32f0xx_hal_cortex.o
                0x0800108c                HAL_SYSTICK_Config
 .text.HAL_SYSTICK_IRQHandler
                0x080010c4        0x8 Drivers\STM32F0xx_HAL_Driver\Src\stm32f0xx_hal_cortex.o
                0x080010c4                HAL_SYSTICK_IRQHandler
 .text.HAL_DMA_Abort
                0x080010cc       0x40 Drivers\STM32F0xx_HAL_Driver\Src\stm32f0xx_hal_dma.o
                0x080010cc                HAL_DMA_Abort
 .text.HAL_DMA_Abort_IT
                0x0800110c       0x48 Drivers\STM32F0xx_HAL_Driver\Src\stm32f0xx_hal_dma.o
                0x0800110c                HAL_DMA_Abort_IT
 .text.HAL_FLASH_EndOfOperationCallback
                0x08001154        0x4 Drivers\STM32F0xx_HAL_Driver\Src\stm32f0xx_hal_flash.o
                0x08001154                HAL_FLASH_EndOfOperationCallback
 .text.HAL_FLASH_OperationErrorCallback
                0x08001158        0x4 Drivers\STM32F0xx_HAL_Driver\Src\stm32f0xx_hal_flash.o
                0x08001158                HAL_FLASH_OperationErrorCallback
 .text.HAL_FLASH_IRQHandler
                0x0800115c      0x15c Drivers\STM32F0xx_HAL_Driver\Src\stm32f0xx_hal_flash.o
                0x0800115c                HAL_FLASH_IRQHandler
 .text.FLASH_PageErase
                0x080012b8       0x24 Drivers\STM32F0xx_HAL_Driver\Src\stm32f0xx_hal_flash_ex.o
                0x080012b8                FLASH_PageErase
 .text.HAL_GPIO_Init
                0x080012dc      0x214 Drivers\STM32F0xx_HAL_Driver\Src\stm32f0xx_hal_gpio.o
                0x080012dc                HAL_GPIO_Init
 .text.HAL_GPIO_ReadPin
                0x080014f0        0xc Drivers\STM32F0xx_HAL_Driver\Src\stm32f0xx_hal_gpio.o
                0x080014f0                HAL_GPIO_ReadPin
 .text.HAL_GPIO_WritePin
                0x080014fc        0xc Drivers\STM32F0xx_HAL_Driver\Src\stm32f0xx_hal_gpio.o
                0x080014fc                HAL_GPIO_WritePin
 .text.HAL_GPIO_TogglePin
                0x08001508       0x10 Drivers\STM32F0xx_HAL_Driver\Src\stm32f0xx_hal_gpio.o
                0x08001508                HAL_GPIO_TogglePin
 .text.HAL_IWDG_Init
                0x08001518       0x5c Drivers\STM32F0xx_HAL_Driver\Src\stm32f0xx_hal_iwdg.o
                0x08001518                HAL_IWDG_Init
 .text.HAL_IWDG_Refresh
                0x08001574       0x10 Drivers\STM32F0xx_HAL_Driver\Src\stm32f0xx_hal_iwdg.o
                0x08001574                HAL_IWDG_Refresh
 .text.HAL_RCC_OscConfig
                0x08001584      0x4b4 Drivers\STM32F0xx_HAL_Driver\Src\stm32f0xx_hal_rcc.o
                0x08001584                HAL_RCC_OscConfig
 .text.HAL_RCC_ClockConfig
                0x08001a38      0x170 Drivers\STM32F0xx_HAL_Driver\Src\stm32f0xx_hal_rcc.o
                0x08001a38                HAL_RCC_ClockConfig
 .text.HAL_RCC_GetSysClockFreq
                0x08001ba8       0x68 Drivers\STM32F0xx_HAL_Driver\Src\stm32f0xx_hal_rcc.o
                0x08001ba8                HAL_RCC_GetSysClockFreq
 .text.HAL_RCC_GetPCLK1Freq
                0x08001c10       0x20 Drivers\STM32F0xx_HAL_Driver\Src\stm32f0xx_hal_rcc.o
                0x08001c10                HAL_RCC_GetPCLK1Freq
 .text.HAL_RCCEx_PeriphCLKConfig
                0x08001c30      0x124 Drivers\STM32F0xx_HAL_Driver\Src\stm32f0xx_hal_rcc_ex.o
                0x08001c30                HAL_RCCEx_PeriphCLKConfig
 .text.HAL_UART_Transmit
                0x08001d54      0x1d8 Drivers\STM32F0xx_HAL_Driver\Src\stm32f0xx_hal_uart.o
                0x08001d54                HAL_UART_Transmit
 .text.HAL_UART_Receive
                0x08001f2c      0x1c4 Drivers\STM32F0xx_HAL_Driver\Src\stm32f0xx_hal_uart.o
                0x08001f2c                HAL_UART_Receive
 .text.HAL_UART_TxCpltCallback
                0x080020f0        0x4 Drivers\STM32F0xx_HAL_Driver\Src\stm32f0xx_hal_uart.o
                0x080020f0                HAL_UART_TxCpltCallback
 .text.HAL_UART_ErrorCallback
                0x080020f4        0x4 Drivers\STM32F0xx_HAL_Driver\Src\stm32f0xx_hal_uart.o
                0x080020f4                HAL_UART_ErrorCallback
 .text.UART_DMAAbortOnError
                0x080020f8       0x14 Drivers\STM32F0xx_HAL_Driver\Src\stm32f0xx_hal_uart.o
 .text.HAL_UARTEx_RxEventCallback
                0x0800210c        0x4 Drivers\STM32F0xx_HAL_Driver\Src\stm32f0xx_hal_uart.o
                0x0800210c                HAL_UARTEx_RxEventCallback
 .text.HAL_UART_IRQHandler
                0x08002110      0x26c Drivers\STM32F0xx_HAL_Driver\Src\stm32f0xx_hal_uart.o
                0x08002110                HAL_UART_IRQHandler
 .text.UART_AdvFeatureConfig
                0x0800237c       0xd0 Drivers\STM32F0xx_HAL_Driver\Src\stm32f0xx_hal_uart.o
                0x0800237c                UART_AdvFeatureConfig
 .text.UART_CheckIdleState
                0x0800244c       0xec Drivers\STM32F0xx_HAL_Driver\Src\stm32f0xx_hal_uart.o
                0x0800244c                UART_CheckIdleState
 .text.HAL_UART_Init
                0x08002538      0x178 Drivers\STM32F0xx_HAL_Driver\Src\stm32f0xx_hal_uart.o
                0x08002538                HAL_UART_Init
 .text.Reset_Handler
                0x080026b0       0x50 startup\startup_stm32f030x6.o
                0x080026b0                Reset_Handler
 .text.Default_Handler
                0x08002700        0x2 startup\startup_stm32f030x6.o
                0x08002700                TIM1_CC_IRQHandler
                0x08002700                I2C1_IRQHandler
                0x08002700                SPI1_IRQHandler
                0x08002700                EXTI2_3_IRQHandler
                0x08002700                ADC1_IRQHandler
                0x08002700                TIM17_IRQHandler
                0x08002700                RTC_IRQHandler
                0x08002700                TIM16_IRQHandler
                0x08002700                TIM3_IRQHandler
                0x08002700                EXTI4_15_IRQHandler
                0x08002700                RCC_IRQHandler
                0x08002700                DMA1_Channel1_IRQHandler
                0x08002700                Default_Handler
                0x08002700                TIM14_IRQHandler
                0x08002700                DMA1_Channel4_5_IRQHandler
                0x08002700                EXTI0_1_IRQHandler
                0x08002700                WWDG_IRQHandler
                0x08002700                DMA1_Channel2_3_IRQHandler
                0x08002700                TIM1_BRK_UP_TRG_COM_IRQHandler
 *fill*         0x08002702        0x2 
 .text.__libc_init_array
                0x08002704       0x48 d:/program files (x86)/atollic/truestudio for stm32 9.3.0/armtools/bin/../lib/gcc/arm-atollic-eabi/6.3.1/../../../../arm-atollic-eabi/lib/armv6-m\libc_nano.a(lib_a-init.o)
                0x08002704                __libc_init_array
 .text.memcpy   0x0800274c       0x12 d:/program files (x86)/atollic/truestudio for stm32 9.3.0/armtools/bin/../lib/gcc/arm-atollic-eabi/6.3.1/../../../../arm-atollic-eabi/lib/armv6-m\libc_nano.a(lib_a-memcpy-stub.o)
                0x0800274c                memcpy
 .text.memset   0x0800275e       0x10 d:/program files (x86)/atollic/truestudio for stm32 9.3.0/armtools/bin/../lib/gcc/arm-atollic-eabi/6.3.1/../../../../arm-atollic-eabi/lib/armv6-m\libc_nano.a(lib_a-memset.o)
                0x0800275e                memset
 *(.glue_7)
 .glue_7        0x0800276e        0x0 linker stubs
 *(.glue_7t)
 .glue_7t       0x0800276e        0x0 linker stubs
 *(.eh_frame)
 *fill*         0x0800276e        0x2 
 .eh_frame      0x08002770        0x0 d:/program files (x86)/atollic/truestudio for stm32 9.3.0/armtools/bin/../lib/gcc/arm-atollic-eabi/6.3.1/armv6-m/crtbegin.o
 *(.init)
 .init          0x08002770        0x4 d:/program files (x86)/atollic/truestudio for stm32 9.3.0/armtools/bin/../lib/gcc/arm-atollic-eabi/6.3.1/armv6-m/crti.o
                0x08002770                _init
 .init          0x08002774        0x8 d:/program files (x86)/atollic/truestudio for stm32 9.3.0/armtools/bin/../lib/gcc/arm-atollic-eabi/6.3.1/armv6-m/crtn.o
 *(.fini)
 .fini          0x0800277c        0x4 d:/program files (x86)/atollic/truestudio for stm32 9.3.0/armtools/bin/../lib/gcc/arm-atollic-eabi/6.3.1/armv6-m/crti.o
                0x0800277c                _fini
 .fini          0x08002780        0x8 d:/program files (x86)/atollic/truestudio for stm32 9.3.0/armtools/bin/../lib/gcc/arm-atollic-eabi/6.3.1/armv6-m/crtn.o
                0x08002788                . = ALIGN (0x4)
                0x08002788                _etext = .

.vfp11_veneer   0x08002788        0x0
 .vfp11_veneer  0x08002788        0x0 linker stubs

.v4_bx          0x08002788        0x0
 .v4_bx         0x08002788        0x0 linker stubs

.iplt           0x08002788        0x0
 .iplt          0x08002788        0x0 d:/program files (x86)/atollic/truestudio for stm32 9.3.0/armtools/bin/../lib/gcc/arm-atollic-eabi/6.3.1/armv6-m/crtbegin.o

.rodata         0x08002788       0x78
                0x08002788                . = ALIGN (0x4)
 *(.rodata)
 .rodata        0x08002788       0x20 Drivers\STM32F0xx_HAL_Driver\Src\stm32f0xx_hal_rcc.o
 *(.rodata*)
 .rodata.key_scan
                0x080027a8       0x1c Core\Src\key.o
 .rodata.gCallback
                0x080027c4       0x20 Core\Src\key_user.o
 .rodata.AHBPrescTable
                0x080027e4       0x10 Core\Src\system_stm32f0xx.o
                0x080027e4                AHBPrescTable
 .rodata.APBPrescTable
                0x080027f4        0x8 Core\Src\system_stm32f0xx.o
                0x080027f4                APBPrescTable
 .rodata.CSWTCH.56
                0x080027fc        0x4 Drivers\STM32F0xx_HAL_Driver\Src\stm32f0xx_hal_uart.o
                0x08002800                . = ALIGN (0x4)

.rel.dyn        0x08002800        0x0
 .rel.iplt      0x08002800        0x0 d:/program files (x86)/atollic/truestudio for stm32 9.3.0/armtools/bin/../lib/gcc/arm-atollic-eabi/6.3.1/armv6-m/crtbegin.o

.ARM.extab
 *(.ARM.extab* .gnu.linkonce.armextab.*)

.ARM            0x08002800        0x0
                0x08002800                __exidx_start = .
 *(.ARM.exidx*)
                0x08002800                __exidx_end = .

.preinit_array  0x08002800        0x0
                0x08002800                PROVIDE (__preinit_array_start, .)
 *(.preinit_array*)
                0x08002800                PROVIDE (__preinit_array_end, .)

.init_array     0x08002800        0x4
                0x08002800                PROVIDE (__init_array_start, .)
 *(SORT(.init_array.*))
 *(.init_array*)
 .init_array    0x08002800        0x4 d:/program files (x86)/atollic/truestudio for stm32 9.3.0/armtools/bin/../lib/gcc/arm-atollic-eabi/6.3.1/armv6-m/crtbegin.o
                0x08002804                PROVIDE (__init_array_end, .)

.fini_array     0x08002804        0x4
                [!provide]                PROVIDE (__fini_array_start, .)
 *(SORT(.fini_array.*))
 *(.fini_array*)
 .fini_array    0x08002804        0x4 d:/program files (x86)/atollic/truestudio for stm32 9.3.0/armtools/bin/../lib/gcc/arm-atollic-eabi/6.3.1/armv6-m/crtbegin.o
                [!provide]                PROVIDE (__fini_array_end, .)
                0x08002808                _sidata = LOADADDR (.data)

.data           0x20000000       0x24 load address 0x08002808
                0x20000000                . = ALIGN (0x4)
                0x20000000                _sdata = .
 *(.data)
 *(.data*)
 .data.beep_half_cycle_ms
                0x20000000        0x4 Core\Src\beep.o
 .data.beep_time_ms
                0x20000004        0x4 Core\Src\beep.o
 .data.led_light_half_cycle_ms
                0x20000008        0x4 Core\Src\led.o
 .data.led_light_time_ms
                0x2000000c        0x4 Core\Src\led.o
 .data.led_lock_half_cycle_ms
                0x20000010        0x4 Core\Src\led.o
 .data.led_lock_time_ms
                0x20000014        0x4 Core\Src\led.o
 .data.SystemCoreClock
                0x20000018        0x4 Core\Src\system_stm32f0xx.o
                0x20000018                SystemCoreClock
 .data.uwTickFreq
                0x2000001c        0x1 Drivers\STM32F0xx_HAL_Driver\Src\stm32f0xx_hal.o
                0x2000001c                uwTickFreq
 *fill*         0x2000001d        0x3 
 .data.uwTickPrio
                0x20000020        0x4 Drivers\STM32F0xx_HAL_Driver\Src\stm32f0xx_hal.o
                0x20000020                uwTickPrio
                0x20000024                . = ALIGN (0x4)
                0x20000024                _edata = .

.igot.plt       0x20000024        0x0 load address 0x0800282c
 .igot.plt      0x20000024        0x0 d:/program files (x86)/atollic/truestudio for stm32 9.3.0/armtools/bin/../lib/gcc/arm-atollic-eabi/6.3.1/armv6-m/crtbegin.o
                0x20000024                . = ALIGN (0x4)

.bss            0x20000028      0x220 load address 0x0800282c
                0x20000028                _sbss = .
                0x20000028                __bss_start__ = _sbss
 *(.bss)
 .bss           0x20000028       0x1c d:/program files (x86)/atollic/truestudio for stm32 9.3.0/armtools/bin/../lib/gcc/arm-atollic-eabi/6.3.1/armv6-m/crtbegin.o
 *(.bss*)
 .bss.beep_flag
                0x20000044        0x1 Core\Src\beep.o
 *fill*         0x20000045        0x3 
 .bss.beep_half_cycle_cnt
                0x20000048        0x4 Core\Src\beep.o
 .bss.beep_time_cnt
                0x2000004c        0x4 Core\Src\beep.o
 .bss.e18_ms1_ipx_overtime_cnt
                0x20000050        0x4 Core\Src\e18_ms1_ipx.o
                0x20000050                e18_ms1_ipx_overtime_cnt
 .bss.e18_ms1_ipx_overtime_flag
                0x20000054        0x1 Core\Src\e18_ms1_ipx.o
                0x20000054                e18_ms1_ipx_overtime_flag
 .bss.e18_ms1_ipx_send_flag
                0x20000055        0x1 Core\Src\e18_ms1_ipx.o
                0x20000055                e18_ms1_ipx_send_flag
 .bss.e18_ms1_ipx_send_key
                0x20000056        0x1 Core\Src\e18_ms1_ipx.o
                0x20000056                e18_ms1_ipx_send_key
 .bss.nonetwork_cnt.5987
                0x20000057        0x1 Core\Src\e18_ms1_ipx.o
 .bss.gKeyCurStatStep
                0x20000058        0x1 Core\Src\key.o
 .bss.gKeyLastValue
                0x20000059        0x1 Core\Src\key.o
 *fill*         0x2000005a        0x2 
 .bss.gKeyTblPtr
                0x2000005c        0x4 Core\Src\key.o
 .bss.gKeyTimeCtr
                0x20000060        0x2 Core\Src\key.o
 .bss.init_ok   0x20000062        0x1 Core\Src\key.o
 *fill*         0x20000063        0x1 
 .bss.gKeyTbl   0x20000064       0x28 Core\Src\key_user.o
 .bss.led_light_flag
                0x2000008c        0x1 Core\Src\led.o
 *fill*         0x2000008d        0x3 
 .bss.led_light_half_cycle_cnt
                0x20000090        0x4 Core\Src\led.o
 .bss.led_light_time_cnt
                0x20000094        0x4 Core\Src\led.o
 .bss.led_lock_flag
                0x20000098        0x1 Core\Src\led.o
 *fill*         0x20000099        0x3 
 .bss.led_lock_half_cycle_cnt
                0x2000009c        0x4 Core\Src\led.o
 .bss.led_lock_time_cnt
                0x200000a0        0x4 Core\Src\led.o
 .bss.cnt.5468  0x200000a4        0x4 Core\Src\power.o
 .bss.power_ac_flag
                0x200000a8        0x1 Core\Src\power.o
 .bss.power_ac_state
                0x200000a9        0x1 Core\Src\power.o
 *fill*         0x200000aa        0x2 
 .bss.g_head    0x200000ac        0x8 Core\Src\softtimer.o
 .bss.e.4582    0x200000b4       0x40 Core\Src\squeue.o
 .bss.usart1_rx_size
                0x200000f4        0x2 Core\Src\usart.o
                0x200000f4                usart1_rx_size
 *(COMMON)
 *fill*         0x200000f6        0x2 
 COMMON         0x200000f8       0x31 Core\Src\e18_ms1_ipx.o
                0x200000f8                e18_ms1_ipx
 *fill*         0x20000129        0x3 
 COMMON         0x2000012c       0x10 Core\Src\iwdg.o
                0x2000012c                hiwdg
 COMMON         0x2000013c       0x20 Core\Src\main.o
                0x2000013c                usart1_queue
                0x20000144                usart1_timer
 COMMON         0x2000015c       0xc4 Core\Src\usart.o
                0x2000015c                usart1_rx_buffer
                0x2000019c                huart1
 COMMON         0x20000220        0x4 Drivers\STM32F0xx_HAL_Driver\Src\stm32f0xx_hal.o
                0x20000220                uwTick
 *fill*         0x20000224        0x4 
 COMMON         0x20000228       0x20 Drivers\STM32F0xx_HAL_Driver\Src\stm32f0xx_hal_flash.o
                0x20000228                pFlash
                0x20000248                . = ALIGN (0x4)
                0x20000248                _ebss = .
                0x20000248                __bss_end__ = _ebss

._user_heap_stack
                0x20000248      0x600 load address 0x0800282c
                0x20000248                . = ALIGN (0x4)
                0x20000248                PROVIDE (end, .)
                [!provide]                PROVIDE (_end, .)
                0x20000448                . = (. + _Min_Heap_Size)
 *fill*         0x20000248      0x200 
                0x20000848                . = (. + _Min_Stack_Size)
 *fill*         0x20000448      0x400 
                0x20000848                . = ALIGN (0x4)

/DISCARD/
 libc.a(*)
 libm.a(*)
 libgcc.a(*)

.ARM.attributes
                0x00000000       0x28
 *(.ARM.attributes)
 .ARM.attributes
                0x00000000       0x1e d:/program files (x86)/atollic/truestudio for stm32 9.3.0/armtools/bin/../lib/gcc/arm-atollic-eabi/6.3.1/armv6-m/crti.o
 .ARM.attributes
                0x0000001e       0x2c d:/program files (x86)/atollic/truestudio for stm32 9.3.0/armtools/bin/../lib/gcc/arm-atollic-eabi/6.3.1/armv6-m/crtbegin.o
 .ARM.attributes
                0x0000004a       0x31 Core\Src\beep.o
 .ARM.attributes
                0x0000007b       0x31 Core\Src\delay.o
 .ARM.attributes
                0x000000ac       0x31 Core\Src\e18_ms1_ipx.o
 .ARM.attributes
                0x000000dd       0x31 Core\Src\flash.o
 .ARM.attributes
                0x0000010e       0x31 Core\Src\gpio.o
 .ARM.attributes
                0x0000013f       0x31 Core\Src\iwdg.o
 .ARM.attributes
                0x00000170       0x31 Core\Src\key.o
 .ARM.attributes
                0x000001a1       0x31 Core\Src\key_user.o
 .ARM.attributes
                0x000001d2       0x31 Core\Src\led.o
 .ARM.attributes
                0x00000203       0x31 Core\Src\list.o
 .ARM.attributes
                0x00000234       0x31 Core\Src\main.o
 .ARM.attributes
                0x00000265       0x31 Core\Src\power.o
 .ARM.attributes
                0x00000296       0x31 Core\Src\softtimer.o
 .ARM.attributes
                0x000002c7       0x31 Core\Src\squeue.o
 .ARM.attributes
                0x000002f8       0x31 Core\Src\stm32f0xx_hal_msp.o
 .ARM.attributes
                0x00000329       0x31 Core\Src\stm32f0xx_it.o
 .ARM.attributes
                0x0000035a       0x31 Core\Src\system_stm32f0xx.o
 .ARM.attributes
                0x0000038b       0x31 Core\Src\usart.o
 .ARM.attributes
                0x000003bc       0x31 Drivers\STM32F0xx_HAL_Driver\Src\stm32f0xx_hal.o
 .ARM.attributes
                0x000003ed       0x31 Drivers\STM32F0xx_HAL_Driver\Src\stm32f0xx_hal_cortex.o
 .ARM.attributes
                0x0000041e       0x31 Drivers\STM32F0xx_HAL_Driver\Src\stm32f0xx_hal_dma.o
 .ARM.attributes
                0x0000044f       0x31 Drivers\STM32F0xx_HAL_Driver\Src\stm32f0xx_hal_flash.o
 .ARM.attributes
                0x00000480       0x31 Drivers\STM32F0xx_HAL_Driver\Src\stm32f0xx_hal_flash_ex.o
 .ARM.attributes
                0x000004b1       0x31 Drivers\STM32F0xx_HAL_Driver\Src\stm32f0xx_hal_gpio.o
 .ARM.attributes
                0x000004e2       0x31 Drivers\STM32F0xx_HAL_Driver\Src\stm32f0xx_hal_iwdg.o
 .ARM.attributes
                0x00000513       0x31 Drivers\STM32F0xx_HAL_Driver\Src\stm32f0xx_hal_rcc.o
 .ARM.attributes
                0x00000544       0x31 Drivers\STM32F0xx_HAL_Driver\Src\stm32f0xx_hal_rcc_ex.o
 .ARM.attributes
                0x00000575       0x31 Drivers\STM32F0xx_HAL_Driver\Src\stm32f0xx_hal_uart.o
 .ARM.attributes
                0x000005a6       0x21 startup\startup_stm32f030x6.o
 .ARM.attributes
                0x000005c7       0x2c d:/program files (x86)/atollic/truestudio for stm32 9.3.0/armtools/bin/../lib/gcc/arm-atollic-eabi/6.3.1/../../../../arm-atollic-eabi/lib/armv6-m\libc_nano.a(lib_a-init.o)
 .ARM.attributes
                0x000005f3       0x2c d:/program files (x86)/atollic/truestudio for stm32 9.3.0/armtools/bin/../lib/gcc/arm-atollic-eabi/6.3.1/../../../../arm-atollic-eabi/lib/armv6-m\libc_nano.a(lib_a-memcpy-stub.o)
 .ARM.attributes
                0x0000061f       0x2c d:/program files (x86)/atollic/truestudio for stm32 9.3.0/armtools/bin/../lib/gcc/arm-atollic-eabi/6.3.1/../../../../arm-atollic-eabi/lib/armv6-m\libc_nano.a(lib_a-memset.o)
 .ARM.attributes
                0x0000064b       0x1e d:/program files (x86)/atollic/truestudio for stm32 9.3.0/armtools/bin/../lib/gcc/arm-atollic-eabi/6.3.1/armv6-m\libgcc.a(_udivsi3.o)
 .ARM.attributes
                0x00000669       0x1e d:/program files (x86)/atollic/truestudio for stm32 9.3.0/armtools/bin/../lib/gcc/arm-atollic-eabi/6.3.1/armv6-m\libgcc.a(_dvmd_tls.o)
 .ARM.attributes
                0x00000687       0x1e d:/program files (x86)/atollic/truestudio for stm32 9.3.0/armtools/bin/../lib/gcc/arm-atollic-eabi/6.3.1/armv6-m/crtn.o
OUTPUT(CZ201R_HW_V2.00.elf elf32-littlearm)

.debug_info     0x00000000    0x10c0b
 .debug_info    0x00000000      0x394 Core\Src\beep.o
 .debug_info    0x00000394      0x341 Core\Src\delay.o
 .debug_info    0x000006d5     0x1396 Core\Src\e18_ms1_ipx.o
 .debug_info    0x00001a6b     0x10e4 Core\Src\flash.o
 .debug_info    0x00002b4f      0x41d Core\Src\gpio.o
 .debug_info    0x00002f6c      0x2ca Core\Src\iwdg.o
 .debug_info    0x00003236      0x4ce Core\Src\key.o
 .debug_info    0x00003704     0x11ec Core\Src\key_user.o
 .debug_info    0x000048f0      0x476 Core\Src\led.o
 .debug_info    0x00004d66      0x2e7 Core\Src\list.o
 .debug_info    0x0000504d     0x1a0b Core\Src\main.o
 .debug_info    0x00006a58      0x2d3 Core\Src\power.o
 .debug_info    0x00006d2b      0x3ab Core\Src\softtimer.o
 .debug_info    0x000070d6      0xb95 Core\Src\squeue.o
 .debug_info    0x00007c6b      0x258 Core\Src\stm32f0xx_hal_msp.o
 .debug_info    0x00007ec3     0x113d Core\Src\stm32f0xx_it.o
 .debug_info    0x00009000      0x2a4 Core\Src\system_stm32f0xx.o
 .debug_info    0x000092a4     0x1521 Core\Src\usart.o
 .debug_info    0x0000a7c5      0x70f Drivers\STM32F0xx_HAL_Driver\Src\stm32f0xx_hal.o
 .debug_info    0x0000aed4      0x82c Drivers\STM32F0xx_HAL_Driver\Src\stm32f0xx_hal_cortex.o
 .debug_info    0x0000b700      0x891 Drivers\STM32F0xx_HAL_Driver\Src\stm32f0xx_hal_dma.o
 .debug_info    0x0000bf91      0x7dd Drivers\STM32F0xx_HAL_Driver\Src\stm32f0xx_hal_flash.o
 .debug_info    0x0000c76e      0xab6 Drivers\STM32F0xx_HAL_Driver\Src\stm32f0xx_hal_flash_ex.o
 .debug_info    0x0000d224      0x679 Drivers\STM32F0xx_HAL_Driver\Src\stm32f0xx_hal_gpio.o
 .debug_info    0x0000d89d      0x2c2 Drivers\STM32F0xx_HAL_Driver\Src\stm32f0xx_hal_iwdg.o
 .debug_info    0x0000db5f      0xa46 Drivers\STM32F0xx_HAL_Driver\Src\stm32f0xx_hal_rcc.o
 .debug_info    0x0000e5a5      0x42f Drivers\STM32F0xx_HAL_Driver\Src\stm32f0xx_hal_rcc_ex.o
 .debug_info    0x0000e9d4     0x21a9 Drivers\STM32F0xx_HAL_Driver\Src\stm32f0xx_hal_uart.o
 .debug_info    0x00010b7d       0x8e startup\startup_stm32f030x6.o

.debug_abbrev   0x00000000     0x3804
 .debug_abbrev  0x00000000      0x143 Core\Src\beep.o
 .debug_abbrev  0x00000143       0xe3 Core\Src\delay.o
 .debug_abbrev  0x00000226      0x2a0 Core\Src\e18_ms1_ipx.o
 .debug_abbrev  0x000004c6      0x302 Core\Src\flash.o
 .debug_abbrev  0x000007c8      0x179 Core\Src\gpio.o
 .debug_abbrev  0x00000941      0x155 Core\Src\iwdg.o
 .debug_abbrev  0x00000a96      0x1f8 Core\Src\key.o
 .debug_abbrev  0x00000c8e      0x253 Core\Src\key_user.o
 .debug_abbrev  0x00000ee1      0x16e Core\Src\led.o
 .debug_abbrev  0x0000104f      0x129 Core\Src\list.o
 .debug_abbrev  0x00001178      0x286 Core\Src\main.o
 .debug_abbrev  0x000013fe      0x15f Core\Src\power.o
 .debug_abbrev  0x0000155d      0x184 Core\Src\softtimer.o
 .debug_abbrev  0x000016e1      0x294 Core\Src\squeue.o
 .debug_abbrev  0x00001975      0x100 Core\Src\stm32f0xx_hal_msp.o
 .debug_abbrev  0x00001a75      0x250 Core\Src\stm32f0xx_it.o
 .debug_abbrev  0x00001cc5      0x126 Core\Src\system_stm32f0xx.o
 .debug_abbrev  0x00001deb      0x2b5 Core\Src\usart.o
 .debug_abbrev  0x000020a0      0x264 Drivers\STM32F0xx_HAL_Driver\Src\stm32f0xx_hal.o
 .debug_abbrev  0x00002304      0x260 Drivers\STM32F0xx_HAL_Driver\Src\stm32f0xx_hal_cortex.o
 .debug_abbrev  0x00002564      0x212 Drivers\STM32F0xx_HAL_Driver\Src\stm32f0xx_hal_dma.o
 .debug_abbrev  0x00002776      0x2ab Drivers\STM32F0xx_HAL_Driver\Src\stm32f0xx_hal_flash.o
 .debug_abbrev  0x00002a21      0x2cf Drivers\STM32F0xx_HAL_Driver\Src\stm32f0xx_hal_flash_ex.o
 .debug_abbrev  0x00002cf0      0x1e6 Drivers\STM32F0xx_HAL_Driver\Src\stm32f0xx_hal_gpio.o
 .debug_abbrev  0x00002ed6      0x144 Drivers\STM32F0xx_HAL_Driver\Src\stm32f0xx_hal_iwdg.o
 .debug_abbrev  0x0000301a      0x2ca Drivers\STM32F0xx_HAL_Driver\Src\stm32f0xx_hal_rcc.o
 .debug_abbrev  0x000032e4      0x1b5 Drivers\STM32F0xx_HAL_Driver\Src\stm32f0xx_hal_rcc_ex.o
 .debug_abbrev  0x00003499      0x359 Drivers\STM32F0xx_HAL_Driver\Src\stm32f0xx_hal_uart.o
 .debug_abbrev  0x000037f2       0x12 startup\startup_stm32f030x6.o

.debug_loc      0x00000000     0x5e22
 .debug_loc     0x00000000       0x76 Core\Src\beep.o
 .debug_loc     0x00000076      0x162 Core\Src\e18_ms1_ipx.o
 .debug_loc     0x000001d8      0xa8a Core\Src\flash.o
 .debug_loc     0x00000c62      0x1a4 Core\Src\key.o
 .debug_loc     0x00000e06      0x1c9 Core\Src\led.o
 .debug_loc     0x00000fcf      0x16f Core\Src\list.o
 .debug_loc     0x0000113e       0x70 Core\Src\main.o
 .debug_loc     0x000011ae      0x164 Core\Src\softtimer.o
 .debug_loc     0x00001312      0x2d1 Core\Src\squeue.o
 .debug_loc     0x000015e3      0x127 Core\Src\system_stm32f0xx.o
 .debug_loc     0x0000170a      0x250 Core\Src\usart.o
 .debug_loc     0x0000195a       0xfa Drivers\STM32F0xx_HAL_Driver\Src\stm32f0xx_hal.o
 .debug_loc     0x00001a54      0x43b Drivers\STM32F0xx_HAL_Driver\Src\stm32f0xx_hal_cortex.o
 .debug_loc     0x00001e8f      0x86d Drivers\STM32F0xx_HAL_Driver\Src\stm32f0xx_hal_dma.o
 .debug_loc     0x000026fc      0x5d2 Drivers\STM32F0xx_HAL_Driver\Src\stm32f0xx_hal_flash.o
 .debug_loc     0x00002cce      0x592 Drivers\STM32F0xx_HAL_Driver\Src\stm32f0xx_hal_flash_ex.o
 .debug_loc     0x00003260      0x46b Drivers\STM32F0xx_HAL_Driver\Src\stm32f0xx_hal_gpio.o
 .debug_loc     0x000036cb       0xa2 Drivers\STM32F0xx_HAL_Driver\Src\stm32f0xx_hal_iwdg.o
 .debug_loc     0x0000376d      0x5dc Drivers\STM32F0xx_HAL_Driver\Src\stm32f0xx_hal_rcc.o
 .debug_loc     0x00003d49      0x28a Drivers\STM32F0xx_HAL_Driver\Src\stm32f0xx_hal_rcc_ex.o
 .debug_loc     0x00003fd3     0x1e4f Drivers\STM32F0xx_HAL_Driver\Src\stm32f0xx_hal_uart.o

.debug_aranges  0x00000000      0x9a0
 .debug_aranges
                0x00000000       0x40 Core\Src\beep.o
 .debug_aranges
                0x00000040       0x20 Core\Src\delay.o
 .debug_aranges
                0x00000060       0x38 Core\Src\e18_ms1_ipx.o
 .debug_aranges
                0x00000098       0x58 Core\Src\flash.o
 .debug_aranges
                0x000000f0       0x20 Core\Src\gpio.o
 .debug_aranges
                0x00000110       0x28 Core\Src\iwdg.o
 .debug_aranges
                0x00000138       0x30 Core\Src\key.o
 .debug_aranges
                0x00000168       0x40 Core\Src\key_user.o
 .debug_aranges
                0x000001a8       0x40 Core\Src\led.o
 .debug_aranges
                0x000001e8       0x48 Core\Src\list.o
 .debug_aranges
                0x00000230       0x38 Core\Src\main.o
 .debug_aranges
                0x00000268       0x30 Core\Src\power.o
 .debug_aranges
                0x00000298       0x50 Core\Src\softtimer.o
 .debug_aranges
                0x000002e8       0x50 Core\Src\squeue.o
 .debug_aranges
                0x00000338       0x20 Core\Src\stm32f0xx_hal_msp.o
 .debug_aranges
                0x00000358       0x40 Core\Src\stm32f0xx_it.o
 .debug_aranges
                0x00000398       0x28 Core\Src\system_stm32f0xx.o
 .debug_aranges
                0x000003c0       0x58 Core\Src\usart.o
 .debug_aranges
                0x00000418       0xc8 Drivers\STM32F0xx_HAL_Driver\Src\stm32f0xx_hal.o
 .debug_aranges
                0x000004e0       0x78 Drivers\STM32F0xx_HAL_Driver\Src\stm32f0xx_hal_cortex.o
 .debug_aranges
                0x00000558       0x78 Drivers\STM32F0xx_HAL_Driver\Src\stm32f0xx_hal_dma.o
 .debug_aranges
                0x000005d0       0x70 Drivers\STM32F0xx_HAL_Driver\Src\stm32f0xx_hal_flash.o
 .debug_aranges
                0x00000640       0x50 Drivers\STM32F0xx_HAL_Driver\Src\stm32f0xx_hal_flash_ex.o
 .debug_aranges
                0x00000690       0x58 Drivers\STM32F0xx_HAL_Driver\Src\stm32f0xx_hal_gpio.o
 .debug_aranges
                0x000006e8       0x28 Drivers\STM32F0xx_HAL_Driver\Src\stm32f0xx_hal_iwdg.o
 .debug_aranges
                0x00000710       0x80 Drivers\STM32F0xx_HAL_Driver\Src\stm32f0xx_hal_rcc.o
 .debug_aranges
                0x00000790       0x30 Drivers\STM32F0xx_HAL_Driver\Src\stm32f0xx_hal_rcc_ex.o
 .debug_aranges
                0x000007c0      0x1b8 Drivers\STM32F0xx_HAL_Driver\Src\stm32f0xx_hal_uart.o
 .debug_aranges
                0x00000978       0x28 startup\startup_stm32f030x6.o

.debug_ranges   0x00000000     0x1160
 .debug_ranges  0x00000000       0x30 Core\Src\beep.o
 .debug_ranges  0x00000030       0x10 Core\Src\delay.o
 .debug_ranges  0x00000040       0x28 Core\Src\e18_ms1_ipx.o
 .debug_ranges  0x00000068       0xe0 Core\Src\flash.o
 .debug_ranges  0x00000148       0x48 Core\Src\gpio.o
 .debug_ranges  0x00000190       0x18 Core\Src\iwdg.o
 .debug_ranges  0x000001a8       0x40 Core\Src\key.o
 .debug_ranges  0x000001e8       0x30 Core\Src\key_user.o
 .debug_ranges  0x00000218       0x30 Core\Src\led.o
 .debug_ranges  0x00000248       0x38 Core\Src\list.o
 .debug_ranges  0x00000280       0x28 Core\Src\main.o
 .debug_ranges  0x000002a8       0x20 Core\Src\power.o
 .debug_ranges  0x000002c8       0x58 Core\Src\softtimer.o
 .debug_ranges  0x00000320       0x68 Core\Src\squeue.o
 .debug_ranges  0x00000388       0x48 Core\Src\stm32f0xx_hal_msp.o
 .debug_ranges  0x000003d0       0x30 Core\Src\stm32f0xx_it.o
 .debug_ranges  0x00000400       0x18 Core\Src\system_stm32f0xx.o
 .debug_ranges  0x00000418       0xb0 Core\Src\usart.o
 .debug_ranges  0x000004c8       0xb8 Drivers\STM32F0xx_HAL_Driver\Src\stm32f0xx_hal.o
 .debug_ranges  0x00000580       0xd0 Drivers\STM32F0xx_HAL_Driver\Src\stm32f0xx_hal_cortex.o
 .debug_ranges  0x00000650      0x108 Drivers\STM32F0xx_HAL_Driver\Src\stm32f0xx_hal_dma.o
 .debug_ranges  0x00000758      0x1a8 Drivers\STM32F0xx_HAL_Driver\Src\stm32f0xx_hal_flash.o
 .debug_ranges  0x00000900      0x1a8 Drivers\STM32F0xx_HAL_Driver\Src\stm32f0xx_hal_flash_ex.o
 .debug_ranges  0x00000aa8       0x78 Drivers\STM32F0xx_HAL_Driver\Src\stm32f0xx_hal_gpio.o
 .debug_ranges  0x00000b20       0x18 Drivers\STM32F0xx_HAL_Driver\Src\stm32f0xx_hal_iwdg.o
 .debug_ranges  0x00000b38       0xe0 Drivers\STM32F0xx_HAL_Driver\Src\stm32f0xx_hal_rcc.o
 .debug_ranges  0x00000c18       0x38 Drivers\STM32F0xx_HAL_Driver\Src\stm32f0xx_hal_rcc_ex.o
 .debug_ranges  0x00000c50      0x4f0 Drivers\STM32F0xx_HAL_Driver\Src\stm32f0xx_hal_uart.o
 .debug_ranges  0x00001140       0x20 startup\startup_stm32f030x6.o

.debug_line     0x00000000     0x66f6
 .debug_line    0x00000000      0x264 Core\Src\beep.o
 .debug_line    0x00000264      0x200 Core\Src\delay.o
 .debug_line    0x00000464      0x392 Core\Src\e18_ms1_ipx.o
 .debug_line    0x000007f6      0x474 Core\Src\flash.o
 .debug_line    0x00000c6a      0x1ec Core\Src\gpio.o
 .debug_line    0x00000e56      0x21b Core\Src\iwdg.o
 .debug_line    0x00001071      0x2eb Core\Src\key.o
 .debug_line    0x0000135c      0x325 Core\Src\key_user.o
 .debug_line    0x00001681      0x2c3 Core\Src\led.o
 .debug_line    0x00001944       0xe0 Core\Src\list.o
 .debug_line    0x00001a24      0x456 Core\Src\main.o
 .debug_line    0x00001e7a      0x204 Core\Src\power.o
 .debug_line    0x0000207e      0x143 Core\Src\softtimer.o
 .debug_line    0x000021c1      0x213 Core\Src\squeue.o
 .debug_line    0x000023d4      0x1c7 Core\Src\stm32f0xx_hal_msp.o
 .debug_line    0x0000259b      0x359 Core\Src\stm32f0xx_it.o
 .debug_line    0x000028f4      0x1eb Core\Src\system_stm32f0xx.o
 .debug_line    0x00002adf      0x42f Core\Src\usart.o
 .debug_line    0x00002f0e      0x3f0 Drivers\STM32F0xx_HAL_Driver\Src\stm32f0xx_hal.o
 .debug_line    0x000032fe      0x399 Drivers\STM32F0xx_HAL_Driver\Src\stm32f0xx_hal_cortex.o
 .debug_line    0x00003697      0x525 Drivers\STM32F0xx_HAL_Driver\Src\stm32f0xx_hal_dma.o
 .debug_line    0x00003bbc      0x4c3 Drivers\STM32F0xx_HAL_Driver\Src\stm32f0xx_hal_flash.o
 .debug_line    0x0000407f      0x497 Drivers\STM32F0xx_HAL_Driver\Src\stm32f0xx_hal_flash_ex.o
 .debug_line    0x00004516      0x3a4 Drivers\STM32F0xx_HAL_Driver\Src\stm32f0xx_hal_gpio.o
 .debug_line    0x000048ba      0x23f Drivers\STM32F0xx_HAL_Driver\Src\stm32f0xx_hal_iwdg.o
 .debug_line    0x00004af9      0x603 Drivers\STM32F0xx_HAL_Driver\Src\stm32f0xx_hal_rcc.o
 .debug_line    0x000050fc      0x308 Drivers\STM32F0xx_HAL_Driver\Src\stm32f0xx_hal_rcc_ex.o
 .debug_line    0x00005404     0x1270 Drivers\STM32F0xx_HAL_Driver\Src\stm32f0xx_hal_uart.o
 .debug_line    0x00006674       0x82 startup\startup_stm32f030x6.o

.debug_str      0x00000000     0x327d
 .debug_str     0x00000000      0x361 Core\Src\beep.o
                                0x3c5 (size before relaxing)
 .debug_str     0x00000361      0x1bf Core\Src\delay.o
                                0x439 (size before relaxing)
 .debug_str     0x00000520      0x85a Core\Src\e18_ms1_ipx.o
                                0xd05 (size before relaxing)
 .debug_str     0x00000d7a      0x1cb Core\Src\flash.o
                                0x897 (size before relaxing)
 .debug_str     0x00000f45       0xbe Core\Src\gpio.o
                                0x397 (size before relaxing)
 .debug_str     0x00001003       0xab Core\Src\iwdg.o
                                0x338 (size before relaxing)
 .debug_str     0x000010ae      0x125 Core\Src\key.o
                                0x3f2 (size before relaxing)
 .debug_str     0x000011d3       0xc0 Core\Src\key_user.o
                                0xd3f (size before relaxing)
 .debug_str     0x00001293      0x104 Core\Src\led.o
                                0x430 (size before relaxing)
 .debug_str     0x00001397       0x9b Core\Src\list.o
                                0x243 (size before relaxing)
 .debug_str     0x00001432      0x455 Core\Src\main.o
                               0x11df (size before relaxing)
 .debug_str     0x00001887       0x44 Core\Src\power.o
                                0x312 (size before relaxing)
 .debug_str     0x000018cb       0x92 Core\Src\softtimer.o
                                0x2eb (size before relaxing)
 .debug_str     0x0000195d       0x3a Core\Src\squeue.o
                                0x673 (size before relaxing)
 .debug_str     0x00001997       0x2c Core\Src\stm32f0xx_hal_msp.o
                                0x2df (size before relaxing)
 .debug_str     0x000019c3       0xc6 Core\Src\stm32f0xx_it.o
                                0xc4e (size before relaxing)
 .debug_str     0x00001a89       0x5f Core\Src\system_stm32f0xx.o
                                0x30b (size before relaxing)
 .debug_str     0x00001ae8      0x22a Core\Src\usart.o
                                0xe22 (size before relaxing)
 .debug_str     0x00001d12      0x213 Drivers\STM32F0xx_HAL_Driver\Src\stm32f0xx_hal.o
                                0x6ac (size before relaxing)
 .debug_str     0x00001f25      0x224 Drivers\STM32F0xx_HAL_Driver\Src\stm32f0xx_hal_cortex.o
                                0x696 (size before relaxing)
 .debug_str     0x00002149      0x24d Drivers\STM32F0xx_HAL_Driver\Src\stm32f0xx_hal_dma.o
                                0x6ef (size before relaxing)
 .debug_str     0x00002396      0x23e Drivers\STM32F0xx_HAL_Driver\Src\stm32f0xx_hal_flash.o
                                0x5e2 (size before relaxing)
 .debug_str     0x000025d4      0x23c Drivers\STM32F0xx_HAL_Driver\Src\stm32f0xx_hal_flash_ex.o
                                0x6cf (size before relaxing)
 .debug_str     0x00002810       0xdf Drivers\STM32F0xx_HAL_Driver\Src\stm32f0xx_hal_gpio.o
                                0x4da (size before relaxing)
 .debug_str     0x000028ef       0x39 Drivers\STM32F0xx_HAL_Driver\Src\stm32f0xx_hal_iwdg.o
                                0x361 (size before relaxing)
 .debug_str     0x00002928      0x1cb Drivers\STM32F0xx_HAL_Driver\Src\stm32f0xx_hal_rcc.o
                                0x6e4 (size before relaxing)
 .debug_str     0x00002af3       0x97 Drivers\STM32F0xx_HAL_Driver\Src\stm32f0xx_hal_rcc_ex.o
                                0x480 (size before relaxing)
 .debug_str     0x00002b8a      0x6f3 Drivers\STM32F0xx_HAL_Driver\Src\stm32f0xx_hal_uart.o
                                0xefd (size before relaxing)

.comment        0x00000000       0x7c
 .comment       0x00000000       0x7c Core\Src\beep.o
                                 0x7d (size before relaxing)
 .comment       0x0000007c       0x7d Core\Src\delay.o
 .comment       0x0000007c       0x7d Core\Src\e18_ms1_ipx.o
 .comment       0x0000007c       0x7d Core\Src\flash.o
 .comment       0x0000007c       0x7d Core\Src\gpio.o
 .comment       0x0000007c       0x7d Core\Src\iwdg.o
 .comment       0x0000007c       0x7d Core\Src\key.o
 .comment       0x0000007c       0x7d Core\Src\key_user.o
 .comment       0x0000007c       0x7d Core\Src\led.o
 .comment       0x0000007c       0x7d Core\Src\list.o
 .comment       0x0000007c       0x7d Core\Src\main.o
 .comment       0x0000007c       0x7d Core\Src\power.o
 .comment       0x0000007c       0x7d Core\Src\softtimer.o
 .comment       0x0000007c       0x7d Core\Src\squeue.o
 .comment       0x0000007c       0x7d Core\Src\stm32f0xx_hal_msp.o
 .comment       0x0000007c       0x7d Core\Src\stm32f0xx_it.o
 .comment       0x0000007c       0x7d Core\Src\system_stm32f0xx.o
 .comment       0x0000007c       0x7d Core\Src\usart.o
 .comment       0x0000007c       0x7d Drivers\STM32F0xx_HAL_Driver\Src\stm32f0xx_hal.o
 .comment       0x0000007c       0x7d Drivers\STM32F0xx_HAL_Driver\Src\stm32f0xx_hal_cortex.o
 .comment       0x0000007c       0x7d Drivers\STM32F0xx_HAL_Driver\Src\stm32f0xx_hal_dma.o
 .comment       0x0000007c       0x7d Drivers\STM32F0xx_HAL_Driver\Src\stm32f0xx_hal_flash.o
 .comment       0x0000007c       0x7d Drivers\STM32F0xx_HAL_Driver\Src\stm32f0xx_hal_flash_ex.o
 .comment       0x0000007c       0x7d Drivers\STM32F0xx_HAL_Driver\Src\stm32f0xx_hal_gpio.o
 .comment       0x0000007c       0x7d Drivers\STM32F0xx_HAL_Driver\Src\stm32f0xx_hal_iwdg.o
 .comment       0x0000007c       0x7d Drivers\STM32F0xx_HAL_Driver\Src\stm32f0xx_hal_rcc.o
 .comment       0x0000007c       0x7d Drivers\STM32F0xx_HAL_Driver\Src\stm32f0xx_hal_rcc_ex.o
 .comment       0x0000007c       0x7d Drivers\STM32F0xx_HAL_Driver\Src\stm32f0xx_hal_uart.o

.debug_frame    0x00000000     0x180c
 .debug_frame   0x00000000       0x78 Core\Src\beep.o
 .debug_frame   0x00000078       0x28 Core\Src\delay.o
 .debug_frame   0x000000a0       0x84 Core\Src\e18_ms1_ipx.o
 .debug_frame   0x00000124       0xfc Core\Src\flash.o
 .debug_frame   0x00000220       0x30 Core\Src\gpio.o
 .debug_frame   0x00000250       0x40 Core\Src\iwdg.o
 .debug_frame   0x00000290       0x74 Core\Src\key.o
 .debug_frame   0x00000304       0xc8 Core\Src\key_user.o
 .debug_frame   0x000003cc       0x78 Core\Src\led.o
 .debug_frame   0x00000444       0x70 Core\Src\list.o
 .debug_frame   0x000004b4       0x7c Core\Src\main.o
 .debug_frame   0x00000530       0x54 Core\Src\power.o
 .debug_frame   0x00000584       0xbc Core\Src\softtimer.o
 .debug_frame   0x00000640       0xbc Core\Src\squeue.o
 .debug_frame   0x000006fc       0x24 Core\Src\stm32f0xx_hal_msp.o
 .debug_frame   0x00000720       0x84 Core\Src\stm32f0xx_it.o
 .debug_frame   0x000007a4       0x38 Core\Src\system_stm32f0xx.o
 .debug_frame   0x000007dc       0xe0 Core\Src\usart.o
 .debug_frame   0x000008bc      0x1b0 Drivers\STM32F0xx_HAL_Driver\Src\stm32f0xx_hal.o
 .debug_frame   0x00000a6c       0xe4 Drivers\STM32F0xx_HAL_Driver\Src\stm32f0xx_hal_cortex.o
 .debug_frame   0x00000b50      0x15c Drivers\STM32F0xx_HAL_Driver\Src\stm32f0xx_hal_dma.o
 .debug_frame   0x00000cac      0x12c Drivers\STM32F0xx_HAL_Driver\Src\stm32f0xx_hal_flash.o
 .debug_frame   0x00000dd8       0xcc Drivers\STM32F0xx_HAL_Driver\Src\stm32f0xx_hal_flash_ex.o
 .debug_frame   0x00000ea4       0xd4 Drivers\STM32F0xx_HAL_Driver\Src\stm32f0xx_hal_gpio.o
 .debug_frame   0x00000f78       0x3c Drivers\STM32F0xx_HAL_Driver\Src\stm32f0xx_hal_iwdg.o
 .debug_frame   0x00000fb4      0x150 Drivers\STM32F0xx_HAL_Driver\Src\stm32f0xx_hal_rcc.o
 .debug_frame   0x00001104       0x60 Drivers\STM32F0xx_HAL_Driver\Src\stm32f0xx_hal_rcc_ex.o
 .debug_frame   0x00001164      0x614 Drivers\STM32F0xx_HAL_Driver\Src\stm32f0xx_hal_uart.o
 .debug_frame   0x00001778       0x2c d:/program files (x86)/atollic/truestudio for stm32 9.3.0/armtools/bin/../lib/gcc/arm-atollic-eabi/6.3.1/../../../../arm-atollic-eabi/lib/armv6-m\libc_nano.a(lib_a-init.o)
 .debug_frame   0x000017a4       0x28 d:/program files (x86)/atollic/truestudio for stm32 9.3.0/armtools/bin/../lib/gcc/arm-atollic-eabi/6.3.1/../../../../arm-atollic-eabi/lib/armv6-m\libc_nano.a(lib_a-memcpy-stub.o)
 .debug_frame   0x000017cc       0x20 d:/program files (x86)/atollic/truestudio for stm32 9.3.0/armtools/bin/../lib/gcc/arm-atollic-eabi/6.3.1/../../../../arm-atollic-eabi/lib/armv6-m\libc_nano.a(lib_a-memset.o)
 .debug_frame   0x000017ec       0x20 d:/program files (x86)/atollic/truestudio for stm32 9.3.0/armtools/bin/../lib/gcc/arm-atollic-eabi/6.3.1/armv6-m\libgcc.a(_udivsi3.o)
